###############################################################################
#
# IAR ELF Linker V3.11.1.207 for STM8                     27/Apr/2021  09:14:48
# Copyright 2010-2019 IAR Systems AB.
#
#    Output file  =  
#        C:\Amit_Chaudhary\STM8\STM8S103F3P6\Cobe\STM8S103F3P6_CPP - config
#        Fonts\IDE\Debug\Exe\STM8S103F3P6_CPP.out
#    Map file     =  
#        C:\Amit_Chaudhary\STM8\STM8S103F3P6\Cobe\STM8S103F3P6_CPP - config
#        Fonts\IDE\Debug\List\STM8S103F3P6_CPP.map
#    Command line =  
#        -f C:\Users\AMITCH~1\AppData\Local\Temp\EWA4F2.tmp
#        ("C:\Amit_Chaudhary\STM8\STM8S103F3P6\Cobe\STM8S103F3P6_CPP - config
#        Fonts\IDE\Debug\Obj\fonts.o"
#        "C:\Amit_Chaudhary\STM8\STM8S103F3P6\Cobe\STM8S103F3P6_CPP - config
#        Fonts\IDE\Debug\Obj\gpio_tests.o"
#        "C:\Amit_Chaudhary\STM8\STM8S103F3P6\Cobe\STM8S103F3P6_CPP - config
#        Fonts\IDE\Debug\Obj\HAL_Objects.o"
#        "C:\Amit_Chaudhary\STM8\STM8S103F3P6\Cobe\STM8S103F3P6_CPP - config
#        Fonts\IDE\Debug\Obj\main.o"
#        "C:\Amit_Chaudhary\STM8\STM8S103F3P6\Cobe\STM8S103F3P6_CPP - config
#        Fonts\IDE\Debug\Obj\RTF.o"
#        "C:\Amit_Chaudhary\STM8\STM8S103F3P6\Cobe\STM8S103F3P6_CPP - config
#        Fonts\IDE\Debug\Obj\stm8s_adc1.o"
#        "C:\Amit_Chaudhary\STM8\STM8S103F3P6\Cobe\STM8S103F3P6_CPP - config
#        Fonts\IDE\Debug\Obj\stm8s_i2c.o"
#        "C:\Amit_Chaudhary\STM8\STM8S103F3P6\Cobe\STM8S103F3P6_CPP - config
#        Fonts\IDE\Debug\Obj\stm8s_it.o"
#        "C:\Amit_Chaudhary\STM8\STM8S103F3P6\Cobe\STM8S103F3P6_CPP - config
#        Fonts\IDE\Debug\Obj\stm8s_spi.o"
#        "C:\Amit_Chaudhary\STM8\STM8S103F3P6\Cobe\STM8S103F3P6_CPP - config
#        Fonts\IDE\Debug\Obj\stm8s_tim1.o"
#        "C:\Amit_Chaudhary\STM8\STM8S103F3P6\Cobe\STM8S103F3P6_CPP - config
#        Fonts\IDE\Debug\Obj\stm8s_tim2.o"
#        "C:\Amit_Chaudhary\STM8\STM8S103F3P6\Cobe\STM8S103F3P6_CPP - config
#        Fonts\IDE\Debug\Obj\system.o"
#        "C:\Amit_Chaudhary\STM8\STM8S103F3P6\Cobe\STM8S103F3P6_CPP - config
#        Fonts\IDE\Debug\Obj\timers_test.o" --redirect _Printf=_PrintfFullNoMb
#        --redirect _Scanf=_ScanfFullNoMb --no_out_extension -o
#        "C:\Amit_Chaudhary\STM8\STM8S103F3P6\Cobe\STM8S103F3P6_CPP - config
#        Fonts\IDE\Debug\Exe\STM8S103F3P6_CPP.out" --map
#        "C:\Amit_Chaudhary\STM8\STM8S103F3P6\Cobe\STM8S103F3P6_CPP - config
#        Fonts\IDE\Debug\List\STM8S103F3P6_CPP.map" --config "C:\Program Files
#        (x86)\IAR Systems\Embedded Workbench
#        8.3\stm8\config\lnkstm8s103f3.icf" --config_def _CSTACK_SIZE=0x100
#        --config_def _HEAP_SIZE=0x100 --entry __iar_program_start --debug_lib)
#
###############################################################################

*******************************************************************************
*** RUNTIME MODEL ATTRIBUTES
***

__SystemLibrary            = DLib
__code_model               = small
__core                     = stm8
__data_model               = medium
__dlib_file_descriptor     = 0
__dlib_full_locale_support = 0
__rt_version               = 4


*******************************************************************************
*** PLACEMENT SUMMARY
***

"A0":  place at start of [0x000000-0x0000ff] { rw section .vregs };
"A1":  place at end of [0x000000-0x0003ff] { block CSTACK };
"P2":  place in [from 0x000000 to 0x0003ff] {
          block HEAP, rw section __DLIB_PERTHREAD, rw section .far.bss,
          rw section .far.data, rw section .far.noinit,
          rw section .far_func.textrw, rw section .huge.bss,
          rw section .huge.data, rw section .huge.noinit,
          rw section .huge_func.textrw, rw section .iar.dynexit,
          rw section .near.bss, rw section .near.data, rw section .near.noinit,
          rw section .near_func.textrw };
"A2":  place at start of [0x008000-0x009fff] { block INTVEC };
"P3":  place in [from 0x008000 to 0x009fff] {
          ro section __DLIB_PERTHREAD_init, ro section .far.data_init,
          ro section .far_func.textrw_init, ro section .huge.data_init,
          ro section .huge_func.textrw_init, ro section .iar.init_table,
          ro section .init_array, ro section .near.data_init,
          ro section .near.rodata, ro section .near_func.text,
          ro section .near_func.textrw_init, ro section .tiny.data_init,
          ro section .tiny.rodata_init };
"P4":  place in [from 0x008000 to 0x009fff] {
          ro section .far.rodata, ro section .far_func.text };
"P5":  place in [from 0x008000 to 0x009fff] {
          ro section .huge.rodata, ro section .huge_func.text };
do not initialize {
   rw section .eeprom.noinit, rw section .far.noinit, rw section .huge.noinit,
   rw section .near.noinit, rw section .tiny.noinit, rw section .vregs };
initialize by copy {
   rw section .far.bss, rw section .far.data, rw section .far_func.textrw,
   rw section .huge.bss, rw section .huge.data, rw section .huge_func.textrw,
   rw section .iar.dynexit, rw section .near.bss, rw section .near.data,
   rw section .near_func.textrw, rw section .tiny.bss, rw section .tiny.data,
   ro section .tiny.rodata };

No sections matched the following patterns:

  ro section .far.data_init          in "P3-P5"
  ro section .far.rodata             in "P3-P5"
  ro section .far_func.text          in "P3-P5"
  ro section .far_func.textrw_init   in "P3-P5"
  ro section .huge.data_init         in "P3-P5"
  ro section .huge.rodata            in "P3-P5"
  ro section .huge_func.text         in "P3-P5"
  ro section .huge_func.textrw_init  in "P3-P5"
  ro section .iar.init_table         in "P3-P5"
  ro section .init_array             in "P3-P5"
  ro section .near_func.textrw_init  in "P3-P5"
  ro section .tiny.data_init         in "P3-P5"
  ro section .tiny.rodata_init       in "P3-P5"
  ro section __DLIB_PERTHREAD_init   in "P3-P5"
  rw section .far.bss                in "P2"
  rw section .far.data               in "P2"
  rw section .far.noinit             in "P2"
  rw section .far_func.textrw        in "P2"
  rw section .huge.bss               in "P2"
  rw section .huge.data              in "P2"
  rw section .huge.noinit            in "P2"
  rw section .huge_func.textrw       in "P2"
  rw section .iar.dynexit            in "P2"
  rw section .near.noinit            in "P2"
  rw section .near_func.textrw       in "P2"
  rw section .tiny.bss               in "P1"
  rw section .tiny.data              in "P1"
  rw section .tiny.noinit            in "P1"
  rw section .tiny.rodata            in "P1"
  rw section __DLIB_PERTHREAD        in "P2"
  section .eeprom.data               in "P6-P8"
  section .eeprom.noinit             in "P6-P8"
  section .eeprom.rodata             in "P6-P8"


  Section            Kind      Address    Size  Object
  -------            ----      -------    ----  ------
"A0":                                     0x10
  .vregs             uninit   0x000000    0x10  vregs.o [4]
                            - 0x000010    0x10

"P2", part 1 of 2:                        0x11
  P2-1                        0x000010    0x11  <Init block>
    .near.data       inited   0x000010     0x1  main.o [1]
    .near.data       inited   0x000011    0x10  main.o [1]
                            - 0x000021    0x11

"P2", part 2 of 2:                        0x5a
  .near.bss          zero     0x000021    0x3a  main.o [1]
  .near.bss          zero     0x00005b     0xc  main.o [1]
  .near.bss          zero     0x000067     0xb  main.o [1]
  .near.bss          zero     0x000072     0x2  main.o [1]
  .near.bss          zero     0x000074     0x2  main.o [1]
  .near.bss          zero     0x000076     0x2  stm8s_it.o [1]
  .near.bss          zero     0x000078     0x1  main.o [1]
  .near.bss          zero     0x000079     0x1  main.o [1]
  .near.bss          zero     0x00007a     0x1  stm8s_it.o [1]
                            - 0x00007b    0x5a

"A1":                                    0x100
  CSTACK                      0x000300   0x100  <Block>
    CSTACK           uninit   0x000300   0x100  <Block tail>
                            - 0x000400   0x100

"A2":                                     0x80
  INTVEC                      0x008000    0x80  <Block>
    .intvec          const    0x008000    0x80  interrupt.o [4]
                            - 0x008080    0x80

"P3-P5":                                0x13f6
  .near_func.text    ro code  0x008080   0x334  float.o [4]
  .near_func.text    ro code  0x0083b4   0x15c  stm8s_i2c.o [1]
  .near_func.text    ro code  0x008510   0x151  main.o [1]
  .near_func.text    ro code  0x008661   0x114  vreg_util.o [4]
  .near_func.text    ro code  0x008775   0x108  long.o [4]
  .near_func.text    ro code  0x00887d    0xbb  main.o [1]
  .near_func.text    ro code  0x008938    0xa0  main.o [1]
  .near_func.text    ro code  0x0089d8    0x9c  main.o [1]
  .near_func.text    ro code  0x008a74    0x8a  main.o [1]
  .near.rodata       const    0x008afe    0x70  stm8s_i2c.o [1]
  .near_func.text    ro code  0x008b6e    0x6c  main.o [1]
  .near_func.text    ro code  0x008bda    0x6a  main.o [1]
  .near_func.text    ro code  0x008c44    0x5f  main.o [1]
  .near_func.text    ro code  0x008ca3    0x5a  short.o [4]
  .near_func.text    ro code  0x008cfd    0x53  main.o [1]
  .near_func.text    ro code  0x008d50    0x4a  main.o [1]
  .near_func.text    ro code  0x008d9a    0x49  main.o [1]
  .near_func.text    ro code  0x008de3    0x49  main.o [1]
  .near_func.text    ro code  0x008e2c    0x46  main.o [1]
  .near_func.text    ro code  0x008e72    0x44  main.o [1]
  .near_func.text    ro code  0x008eb6    0x42  main.o [1]
  .near_func.text    ro code  0x008ef8    0x3d  main.o [1]
  .near_func.text    ro code  0x008f35    0x3a  main.o [1]
  .near_func.text    ro code  0x008f6f    0x35  main.o [1]
  .near_func.text    ro code  0x008fa4    0x33  main.o [1]
  .near_func.text    ro code  0x008fd7    0x33  main.o [1]
  .near_func.text    ro code  0x00900a    0x33  main.o [1]
  .near_func.text    ro code  0x00903d    0x33  stm8s_i2c.o [1]
  .near_func.text    ro code  0x009070    0x32  main.o [1]
  .near_func.text    ro code  0x0090a2    0x31  main.o [1]
  .near_func.text    ro code  0x0090d3    0x2b  main.o [1]
  .near_func.text    ro code  0x0090fe    0x29  main.o [1]
  .near_func.text    ro code  0x009127    0x28  init_small.o [4]
  .near_func.text    ro code  0x00914f    0x26  long_util.o [4]
  .near_func.text    ro code  0x009175    0x26  dc_util.o [4]
  .near_func.text    ro code  0x00919b    0x23  main.o [1]
  .near_func.text    ro code  0x0091be    0x23  main.o [1]
  .near_func.text    ro code  0x0091e1    0x23  system.o [1]
  .near_func.text    ro code  0x009204    0x22  stm8s_it.o [1]
  .iar.init_table    const    0x009226    0x12  - Linker created -
  .near_func.text    ro code  0x009238    0x1f  system.o [1]
  .near_func.text    ro code  0x009257    0x1e  init_small.o [4]
  .near_func.text    ro code  0x009275    0x1c  main.o [1]
  .near_func.text    ro code  0x009291    0x1c  timers_test.o [1]
  .near_func.text    ro code  0x0092ad    0x1a  main.o [1]
  .near_func.text    ro code  0x0092c7    0x19  main.o [1]
  .near_func.text    ro code  0x0092e0    0x16  memset.o [4]
  .near_func.text    ro code  0x0092f6    0x14  init.o [4]
  .near_func.text    ro code  0x00930a    0x14  __dbg_xxexit.o [3]
  .near_func.text    ro code  0x00931e    0x13  cstartup.o [4]
  Initializer bytes  const    0x009331    0x11  <for P2-1>
  .near_func.text    ro code  0x009342     0xf  main.o [1]
  .near_func.text    ro code  0x009351     0xe  main.o [1]
  .near_func.text    ro code  0x00935f     0xd  main.o [1]
  .near_func.text    ro code  0x00936c     0xd  main.o [1]
  .near_func.text    ro code  0x009379     0xc  main.o [1]
  .near_func.text    ro code  0x009385     0xc  main.o [1]
  .near_func.text    ro code  0x009391     0xc  main.o [1]
  .near_func.text    ro code  0x00939d     0xc  main.o [1]
  .near_func.text    ro code  0x0093a9     0xc  stm8s_it.o [1]
  .near_func.text    ro code  0x0093b5     0xb  stm8s_i2c.o [1]
  .near_func.text    ro code  0x0093c0     0xa  main.o [1]
  .near_func.text    ro code  0x0093ca     0xa  main.o [1]
  .near_func.text    ro code  0x0093d4     0x9  main.o [1]
  .near_func.text    ro code  0x0093dd     0x9  main.o [1]
  .near_func.text    ro code  0x0093e6     0x9  main.o [1]
  .near_func.text    ro code  0x0093ef     0x9  main.o [1]
  .near_func.text    ro code  0x0093f8     0x9  main.o [1]
  .near_func.text    ro code  0x009401     0x9  stm8s_i2c.o [1]
  .near_func.text    ro code  0x00940a     0x8  main.o [1]
  .near_func.text    ro code  0x009412     0x8  main.o [1]
  .near_func.text    ro code  0x00941a     0x7  main.o [1]
  .near_func.text    ro code  0x009421     0x7  main.o [1]
  .near_func.text    ro code  0x009428     0x6  main.o [1]
  .near_func.text    ro code  0x00942e     0x6  main.o [1]
  .near_func.text    ro code  0x009434     0x6  main.o [1]
  .near_func.text    ro code  0x00943a     0x6  main.o [1]
  .near_func.text    ro code  0x009440     0x5  main.o [1]
  .near_func.text    ro code  0x009445     0x5  cexit.o [4]
  .near_func.text    ro code  0x00944a     0x4  main.o [1]
  .near.rodata       const    0x00944e     0x3  main.o [1]
  .near.rodata       const    0x009451     0x3  main.o [1]
  .near_func.text    ro code  0x009454     0x3  interrupt.o [4]
  .near_func.text    ro code  0x009457     0x3  low_level_init.o [4]
  .near_func.text    ro code  0x00945a     0x3  exit.o [4]
  .near_func.text    ro code  0x00945d     0x3  unhandled_exception.o [4]
  .near_func.text    ro code  0x009460     0x2  main.o [1]
  .near_func.text    ro code  0x009462     0x1  main.o [1]
  .near_func.text    ro code  0x009463     0x1  stm8s_it.o [1]
  .near_func.text    ro code  0x009464     0x1  stm8s_it.o [1]
  .near_func.text    ro code  0x009465     0x1  stm8s_it.o [1]
  .near_func.text    ro code  0x009466     0x1  stm8s_it.o [1]
  .near_func.text    ro code  0x009467     0x1  stm8s_it.o [1]
  .near_func.text    ro code  0x009468     0x1  stm8s_it.o [1]
  .near_func.text    ro code  0x009469     0x1  stm8s_it.o [1]
  .near_func.text    ro code  0x00946a     0x1  stm8s_it.o [1]
  .near_func.text    ro code  0x00946b     0x1  stm8s_it.o [1]
  .near_func.text    ro code  0x00946c     0x1  stm8s_it.o [1]
  .near_func.text    ro code  0x00946d     0x1  stm8s_it.o [1]
  .near_func.text    ro code  0x00946e     0x1  stm8s_it.o [1]
  .near_func.text    ro code  0x00946f     0x1  stm8s_it.o [1]
  .near_func.text    ro code  0x009470     0x1  stm8s_it.o [1]
  .near_func.text    ro code  0x009471     0x1  stm8s_it.o [1]
  .near_func.text    ro code  0x009472     0x1  stm8s_it.o [1]
  .near_func.text    ro code  0x009473     0x1  stm8s_it.o [1]
  .near_func.text    ro code  0x009474     0x1  stm8s_it.o [1]
  .near_func.text    ro code  0x009475     0x1  __dbg_break.o [3]
                            - 0x009476  0x13f6


*******************************************************************************
*** INIT TABLE
***

          Address   Size
          -------   ----
Zero (__iar_zero_init2)
    1 destination range, total size 0x5a:
          0x000021  0x5a

Copy (__iar_copy_init2)
    1 source range, total size 0x11:
          0x009331  0x11
    1 destination range, total size 0x11:
          0x000010  0x11



*******************************************************************************
*** MODULE SUMMARY
***

    Module                 ro code  ro data  rw data
    ------                 -------  -------  -------
C:\Amit_Chaudhary\STM8\STM8S103F3P6\Cobe\STM8S103F3P6_CPP - config Fonts\IDE\Debug\Obj: [1]
    main.o                   2 685       23      104
    stm8s_i2c.o                419      112
    stm8s_it.o                  64                 3
    system.o                    66
    timers_test.o               28
    ------------------------------------------------
    Total:                   3 262      135      107

command line: [2]
    ------------------------------------------------
    Total:

dbgstm8smd.a: [3]
    __dbg_break.o                1
    __dbg_xxexit.o              20
    ------------------------------------------------
    Total:                      21

dlstm8smn.a: [4]
    cexit.o                      5
    cstartup.o                  19
    dc_util.o                   38
    exit.o                       3
    float.o                    820
    init.o                      20
    init_small.o                70
    interrupt.o                  3      128
    long.o                     264
    long_util.o                 38
    low_level_init.o             3
    memset.o                    22
    short.o                     90
    unhandled_exception.o        3
    vreg_util.o                276
    vregs.o                                       16
    ------------------------------------------------
    Total:                   1 674      128       16

    Linker created                       18      256
----------------------------------------------------
    Grand Total:             4 957      281      379


*******************************************************************************
*** ENTRY LIST
***

Entry                    Address   Size  Type      Object
-----                    -------   ----  ----      ------
.iar.init_table$$Base   0x009226          --   Gb  - Linker created -
.iar.init_table$$Limit  0x009238          --   Gb  - Linker created -
?and16_x_x_dw           0x008cea         Code  Gb  short.o [4]
?and16_x_x_w0           0x008ced         Code  Gb  short.o [4]
?b0                     0x000000         Data  Gb  vregs.o [4]
?b1                     0x000001         Data  Gb  vregs.o [4]
?b10                    0x00000a         Data  Gb  vregs.o [4]
?b11                    0x00000b         Data  Gb  vregs.o [4]
?b12                    0x00000c         Data  Gb  vregs.o [4]
?b13                    0x00000d         Data  Gb  vregs.o [4]
?b14                    0x00000e         Data  Gb  vregs.o [4]
?b15                    0x00000f         Data  Gb  vregs.o [4]
?b2                     0x000002         Data  Gb  vregs.o [4]
?b3                     0x000003         Data  Gb  vregs.o [4]
?b4                     0x000004         Data  Gb  vregs.o [4]
?b5                     0x000005         Data  Gb  vregs.o [4]
?b6                     0x000006         Data  Gb  vregs.o [4]
?b7                     0x000007         Data  Gb  vregs.o [4]
?b8                     0x000008         Data  Gb  vregs.o [4]
?b9                     0x000009         Data  Gb  vregs.o [4]
?dc16_w0                0x009175         Code  Gb  dc_util.o [4]
?dc32_l1                0x009183         Code  Gb  dc_util.o [4]
?dc32_px                0x009190         Code  Gb  dc_util.o [4]
?e0                     0x000001         Data  Gb  vregs.o [4]
?e1                     0x000005         Data  Gb  vregs.o [4]
?e2                     0x000009         Data  Gb  vregs.o [4]
?e3                     0x00000d         Data  Gb  vregs.o [4]
?epilogue_l2            0x0086e8         Code  Gb  vreg_util.o [4]
?epilogue_l2_l3         0x0086e5         Code  Gb  vreg_util.o [4]
?epilogue_l2_w6         0x0086ec         Code  Gb  vreg_util.o [4]
?epilogue_w4            0x0086f3         Code  Gb  vreg_util.o [4]
?fadd32_l0_l0_l1        0x0080a3         Code  Gb  float.o [4]
?fcastf32s16_l0_x       0x00826f         Code  Gb  float.o [4]
?fcasts16f32_x_l0       0x008292         Code  Gb  float.o [4]
?fcmpge32_c_l0_0x       0x008210         Code  Gb  float.o [4]
?fcmpge32_c_l0_dc32     0x00820b         Code  Gb  float.o [4]
?fcmplt32_c_l0_0x       0x008219         Code  Gb  float.o [4]
?fcmplt32_c_l0_dc32     0x008214         Code  Gb  float.o [4]
?fmul32_l0_l0_dc32      0x008171         Code  Gb  float.o [4]
?fmul32_l0_l0_l1        0x008176         Code  Gb  float.o [4]
?fsub32_l0_l0_l1        0x00809d         Code  Gb  float.o [4]
?l0                     0x000000         Data  Gb  vregs.o [4]
?l1                     0x000004         Data  Gb  vregs.o [4]
?l2                     0x000008         Data  Gb  vregs.o [4]
?l3                     0x00000c         Data  Gb  vregs.o [4]
?load32_0x_l0           0x009167         Code  Gb  long_util.o [4]
?load32_l0_0x           0x00914f         Code  Gb  long_util.o [4]
?load32_l1_0x           0x00915b         Code  Gb  long_util.o [4]
?mov_e0_e1              0x00871d         Code  Gb  vreg_util.o [4]
?mov_e0_e2              0x00872a         Code  Gb  vreg_util.o [4]
?mov_e0_e3              0x008737         Code  Gb  vreg_util.o [4]
?mov_e1_e0              0x008744         Code  Gb  vreg_util.o [4]
?mov_e1_e2              0x008751         Code  Gb  vreg_util.o [4]
?mov_e2_e0              0x00875e         Code  Gb  vreg_util.o [4]
?mov_e3_e0              0x00876b         Code  Gb  vreg_util.o [4]
?mov_l0_l1              0x00871a         Code  Gb  vreg_util.o [4]
?mov_l0_l2              0x008727         Code  Gb  vreg_util.o [4]
?mov_l0_l3              0x008734         Code  Gb  vreg_util.o [4]
?mov_l1_l0              0x008741         Code  Gb  vreg_util.o [4]
?mov_l1_l2              0x00874e         Code  Gb  vreg_util.o [4]
?mov_l2_l0              0x00875b         Code  Gb  vreg_util.o [4]
?mov_l3_l0              0x008768         Code  Gb  vreg_util.o [4]
?mov_w0_w4              0x0086f7         Code  Gb  vreg_util.o [4]
?mov_w0_w6              0x0086fe         Code  Gb  vreg_util.o [4]
?mov_w1_w3              0x008720         Code  Gb  vreg_util.o [4]
?mov_w1_w4              0x008705         Code  Gb  vreg_util.o [4]
?mov_w1_w5              0x00872d         Code  Gb  vreg_util.o [4]
?mov_w1_w7              0x00873a         Code  Gb  vreg_util.o [4]
?mov_w2_w0              0x00870c         Code  Gb  vreg_util.o [4]
?mov_w3_w1              0x008747         Code  Gb  vreg_util.o [4]
?mov_w3_w5              0x008754         Code  Gb  vreg_util.o [4]
?mov_w4_w0              0x008713         Code  Gb  vreg_util.o [4]
?mov_w5_w1              0x008761         Code  Gb  vreg_util.o [4]
?mov_w7_w1              0x00876e         Code  Gb  vreg_util.o [4]
?mul16_x_x_w0           0x008ca3         Code  Gb  short.o [4]
?mul32_l0_l0_0x         0x008778         Code  Gb  long.o [4]
?mul32_l0_l0_dl         0x008775         Code  Gb  long.o [4]
?mul32_l0_l0_l1         0x008781         Code  Gb  long.o [4]
?pop_l2                 0x0086c7         Code  Gb  vreg_util.o [4]
?pop_l3                 0x0086d2         Code  Gb  vreg_util.o [4]
?pop_w0                 0x008683         Code  Gb  vreg_util.o [4]
?pop_w4                 0x00868a         Code  Gb  vreg_util.o [4]
?pop_w6                 0x008691         Code  Gb  vreg_util.o [4]
?push_l2                0x0086a0         Code  Gb  vreg_util.o [4]
?push_l3                0x0086a5         Code  Gb  vreg_util.o [4]
?push_w0                0x008661         Code  Gb  vreg_util.o [4]
?push_w4                0x008666         Code  Gb  vreg_util.o [4]
?push_w6                0x00866b         Code  Gb  vreg_util.o [4]
?sdiv16_x_x_y           0x008cc1         Code  Gb  short.o [4]
?sll32_0x_0x_a          0x00886f         Code  Gb  long.o [4]
?sll32_l0_l0_a          0x00886c         Code  Gb  long.o [4]
?smod16_y_x_y           0x008cda         Code  Gb  short.o [4]
?srl16_x_x_4            0x008cf8         Code  Gb  short.o [4]
?srl16_x_x_5            0x008cf7         Code  Gb  short.o [4]
?srl16_x_x_6            0x008cf6         Code  Gb  short.o [4]
?srl16_x_x_7            0x008cf5         Code  Gb  short.o [4]
?udiv32_l0_l0_l1        0x0087ff         Code  Gb  long.o [4]
?umod32_l1_l0_l1        0x0087ff         Code  Gb  long.o [4]
?w0                     0x000000         Data  Gb  vregs.o [4]
?w1                     0x000002         Data  Gb  vregs.o [4]
?w2                     0x000004         Data  Gb  vregs.o [4]
?w3                     0x000006         Data  Gb  vregs.o [4]
?w4                     0x000008         Data  Gb  vregs.o [4]
?w5                     0x00000a         Data  Gb  vregs.o [4]
?w6                     0x00000c         Data  Gb  vregs.o [4]
?w7                     0x00000e         Data  Gb  vregs.o [4]
ADC1_IRQHandler()       0x009473    0x1  Code  Gb  stm8s_it.o [1]
AWU_IRQHandler()        0x009465    0x1  Code  Gb  stm8s_it.o [1]
App::PowerMonitor<Devices::INA219<HAL::i2c::Master<HAL::i2c::MasterIntr<(HAL::i2c::i2c_t)21008, (HAL::i2c::Clk_t)400000>>, (unsigned char)128>, (App::font_t)1>::CaptureSamples()
                        0x009440    0x5  Code  Gb  main.o [1]
App::PowerMonitor<Devices::INA219<HAL::i2c::Master<HAL::i2c::MasterIntr<(HAL::i2c::i2c_t)21008, (HAL::i2c::Clk_t)400000>>, (unsigned char)128>, (App::font_t)1>::DispBuf
                        0x000067    0xb  Data  Gb  main.o [1]
App::PowerMonitor<Devices::INA219<HAL::i2c::Master<HAL::i2c::MasterIntr<(HAL::i2c::i2c_t)21008, (HAL::i2c::Clk_t)400000>>, (unsigned char)128>, (App::font_t)1>::Init()
                        0x0091be   0x23  Code  Gb  main.o [1]
App::PowerMonitor<Devices::INA219<HAL::i2c::Master<HAL::i2c::MasterIntr<(HAL::i2c::i2c_t)21008, (HAL::i2c::Clk_t)400000>>, (unsigned char)128>, (App::font_t)1>::Init()::string
                        0x00944e    0x3  Data  Gb  main.o [1]
App::PowerMonitor<Devices::INA219<HAL::i2c::Master<HAL::i2c::MasterIntr<(HAL::i2c::i2c_t)21008, (HAL::i2c::Clk_t)400000>>, (unsigned char)128>, (App::font_t)1>::Init()::string (instance 2)
                        0x009451    0x3  Data  Gb  main.o [1]
App::PowerMonitor<Devices::INA219<HAL::i2c::Master<HAL::i2c::MasterIntr<(HAL::i2c::i2c_t)21008, (HAL::i2c::Clk_t)400000>>, (unsigned char)128>, (App::font_t)1>::Power
                        0x00005b    0xc  Data  Gb  main.o [1]
App::PowerMonitor<Devices::INA219<HAL::i2c::Master<HAL::i2c::MasterIntr<(HAL::i2c::i2c_t)21008, (HAL::i2c::Clk_t)400000>>, (unsigned char)128>, (App::font_t)1>::Run()
                        0x0089d8   0x9c  Code  Gb  main.o [1]
App::PowerMonitor<Devices::INA219<HAL::i2c::Master<HAL::i2c::MasterIntr<(HAL::i2c::i2c_t)21008, (HAL::i2c::Clk_t)400000>>, (unsigned char)128>, (App::font_t)1>::RunLoop
                        0x000010    0x1  Data  Gb  main.o [1]
App::PowerMonitor<Devices::INA219<HAL::i2c::Master<HAL::i2c::MasterIntr<(HAL::i2c::i2c_t)21008, (HAL::i2c::Clk_t)400000>>, (unsigned char)128>, (App::font_t)1>::UpdateClock()
                        0x009462    0x1  Code  Gb  main.o [1]
CLK_IRQHandler()        0x009466    0x1  Code  Gb  stm8s_it.o [1]
CSTACK$$Base            0x000300          --   Gb  - Linker created -
CSTACK$$Limit           0x000400          --   Gb  - Linker created -
Devices::AT24Cxx<HAL::i2c::Master<HAL::i2c::MasterIntr<(HAL::i2c::i2c_t)21008, (HAL::i2c::Clk_t)400000>>, (unsigned char)160, (unsigned long)16384, (unsigned char)64>::Read_Write(unsigned short, unsigned char __near *, unsigned short, unsigned char)
                        0x008938   0xa0  Code  Gb  main.o [1]
Devices::AT24Cxx<HAL::i2c::Master<HAL::i2c::MasterIntr<(HAL::i2c::i2c_t)21008, (HAL::i2c::Clk_t)400000>>, (unsigned char)160, (unsigned long)16384, (unsigned char)64>::page_Write(unsigned short, unsigned char __near *, unsigned char)
                        0x008f6f   0x35  Code  Gb  main.o [1]
Devices::INA219<HAL::i2c::Master<HAL::i2c::MasterIntr<(HAL::i2c::i2c_t)21008, (HAL::i2c::Clk_t)400000>>, (unsigned char)128>::GetBusVoltage_raw()
                        0x009391    0xc  Code  Gb  main.o [1]
Devices::INA219<HAL::i2c::Master<HAL::i2c::MasterIntr<(HAL::i2c::i2c_t)21008, (HAL::i2c::Clk_t)400000>>, (unsigned char)128>::GetCurrent_mA()
                        0x0090d3   0x2b  Code  Gb  main.o [1]
Devices::INA219<HAL::i2c::Master<HAL::i2c::MasterIntr<(HAL::i2c::i2c_t)21008, (HAL::i2c::Clk_t)400000>>, (unsigned char)128>::GetCurrent_raw()
                        0x00936c    0xd  Code  Gb  main.o [1]
Devices::INA219<HAL::i2c::Master<HAL::i2c::MasterIntr<(HAL::i2c::i2c_t)21008, (HAL::i2c::Clk_t)400000>>, (unsigned char)128>::ReadRegister(unsigned char)
                        0x0090a2   0x31  Code  Gb  main.o [1]
Devices::INA219<HAL::i2c::Master<HAL::i2c::MasterIntr<(HAL::i2c::i2c_t)21008, (HAL::i2c::Clk_t)400000>>, (unsigned char)128>::SetCalibration_16V_400mA()
                        0x008eb6   0x42  Code  Gb  main.o [1]
Devices::INA219<HAL::i2c::Master<HAL::i2c::MasterIntr<(HAL::i2c::i2c_t)21008, (HAL::i2c::Clk_t)400000>>, (unsigned char)128>::SetCalibration_32V_2A()
                        0x008e72   0x44  Code  Gb  main.o [1]
Devices::INA219<HAL::i2c::Master<HAL::i2c::MasterIntr<(HAL::i2c::i2c_t)21008, (HAL::i2c::Clk_t)400000>>, (unsigned char)128>::WriteRegister(unsigned char, unsigned short)
                        0x009275   0x1c  Code  Gb  main.o [1]
Devices::INA219<HAL::i2c::Master<HAL::i2c::MasterIntr<(HAL::i2c::i2c_t)21008, (HAL::i2c::Clk_t)400000>>, (unsigned char)128>::ina219_calValue
                        0x000072    0x2  Data  Gb  main.o [1]
Devices::INA219<HAL::i2c::Master<HAL::i2c::MasterIntr<(HAL::i2c::i2c_t)21008, (HAL::i2c::Clk_t)400000>>, (unsigned char)128>::ina219_powerDivider_mW
                        0x000074    0x2  Data  Gb  main.o [1]
Devices::INA219<HAL::i2c::Master<HAL::i2c::MasterIntr<(HAL::i2c::i2c_t)21008, (HAL::i2c::Clk_t)400000>>, (unsigned char)128>::mode
                        0x000079    0x1  Data  Gb  main.o [1]
Devices::RotaryEncoder<RotApp, (HAL::Gpio::Port_t)20495, (HAL::Gpio::Pin_t)16, (HAL::Gpio::Port_t)20495, (HAL::Gpio::Pin_t)32, (HAL::Gpio::Port_t)20495, (HAL::Gpio::Pin_t)64>::Event
                        0x00007a    0x1  Data  Gb  stm8s_it.o [1]
Devices::SSD1306<HAL::i2c::Master<HAL::i2c::MasterIntr<(HAL::i2c::i2c_t)21008, (HAL::i2c::Clk_t)400000>>, (unsigned char)120, (unsigned char)16, (unsigned char)26, (bool)1>::Fill(unsigned char)
                        0x008cfd   0x53  Code  Gb  main.o [1]
Devices::SSD1306<HAL::i2c::Master<HAL::i2c::MasterIntr<(HAL::i2c::i2c_t)21008, (HAL::i2c::Clk_t)400000>>, (unsigned char)120, (unsigned char)16, (unsigned char)26, (bool)1>::HwInit()
                        0x008510  0x151  Code  Gb  main.o [1]
Devices::SSD1306<HAL::i2c::Master<HAL::i2c::MasterIntr<(HAL::i2c::i2c_t)21008, (HAL::i2c::Clk_t)400000>>, (unsigned char)120, (unsigned char)16, (unsigned char)26, (bool)1>::I2C_Write(unsigned char, unsigned char)
                        0x0092ad   0x1a  Code  Gb  main.o [1]
Devices::SSD1306<HAL::i2c::Master<HAL::i2c::MasterIntr<(HAL::i2c::i2c_t)21008, (HAL::i2c::Clk_t)400000>>, (unsigned char)120, (unsigned char)16, (unsigned char)26, (bool)1>::Putc_from_eeprom(char, unsigned char, unsigned char)
                        0x009070   0x32  Code  Gb  main.o [1]
Devices::SSD1306<HAL::i2c::Master<HAL::i2c::MasterIntr<(HAL::i2c::i2c_t)21008, (HAL::i2c::Clk_t)400000>>, (unsigned char)120, (unsigned char)16, (unsigned char)26, (bool)1>::Puts(char __near *, unsigned char, unsigned char, unsigned char)
                        0x008fd7   0x33  Code  Gb  main.o [1]
Devices::SSD1306<HAL::i2c::Master<HAL::i2c::MasterIntr<(HAL::i2c::i2c_t)21008, (HAL::i2c::Clk_t)400000>>, (unsigned char)120, (unsigned char)16, (unsigned char)26, (bool)1>::ScreenBuffer
                        0x000021   0x3a  Data  Gb  main.o [1]
Devices::SSD1306<HAL::i2c::Master<HAL::i2c::MasterIntr<(HAL::i2c::i2c_t)21008, (HAL::i2c::Clk_t)400000>>, (unsigned char)120, (unsigned char)16, (unsigned char)26, (bool)1>::UpdateScreen(unsigned char, unsigned char)
                        0x008de3   0x49  Code  Gb  main.o [1]
EEPROM_EEC_IRQHandler()
                        0x009474    0x1  Code  Gb  stm8s_it.o [1]
EXTI_PORTA_IRQHandler()
                        0x009467    0x1  Code  Gb  stm8s_it.o [1]
EXTI_PORTB_IRQHandler()
                        0x009468    0x1  Code  Gb  stm8s_it.o [1]
EXTI_PORTC_IRQHandler()
                        0x009469    0x1  Code  Gb  stm8s_it.o [1]
EXTI_PORTD_IRQHandler()
                        0x009204   0x22  Code  Gb  stm8s_it.o [1]
EXTI_PORTE_IRQHandler()
                        0x00946a    0x1  Code  Gb  stm8s_it.o [1]
HAL::Gpio::SetOutputMode(HAL::Gpio::Port_t, HAL::Gpio::Pin_t, HAL::Gpio::Mode_t)
                        0x008c44   0x5f  Code  Gb  main.o [1]
HAL::gpt4<(HAL::gpt4_tick_t)6, (unsigned char)249, (unsigned char)0>::HwInit()
                        0x009291   0x1c  Code  Gb  timers_test.o [1]
HAL::gpt4<(HAL::gpt4_tick_t)6, (unsigned char)249, (unsigned char)0>::Ticks
                        0x000076    0x2  Data  Gb  stm8s_it.o [1]
HAL::i2c::Poll<(HAL::i2c::i2c_t)21008, (HAL::i2c::Clk_t)400000>::HwInit()
                        0x008e2c   0x46  Code  Gb  main.o [1]
HAL::i2c::Poll<(HAL::i2c::i2c_t)21008, (HAL::i2c::Clk_t)400000>::Rx(unsigned char, unsigned char __near *, unsigned char, unsigned char)
                        0x00887d   0xbb  Code  Gb  main.o [1]
HAL::i2c::Poll<(HAL::i2c::i2c_t)21008, (HAL::i2c::Clk_t)400000>::SendSlaveAddress(unsigned char, unsigned char)
                        0x008bda   0x6a  Code  Gb  main.o [1]
HAL::i2c::Poll<(HAL::i2c::i2c_t)21008, (HAL::i2c::Clk_t)400000>::Tx(unsigned char __near *, unsigned short)
                        0x008ef8   0x3d  Code  Gb  main.o [1]
HAL::i2c::Poll<(HAL::i2c::i2c_t)21008, (HAL::i2c::Clk_t)400000>::Tx(unsigned char, unsigned char __near *, unsigned short, unsigned char)
                        0x008d9a   0x49  Code  Gb  main.o [1]
HAL::i2c::Poll<(HAL::i2c::i2c_t)21008, (HAL::i2c::Clk_t)400000>::m_State
                        0x000078    0x1  Data  Gb  main.o [1]
I2C_AcknowledgeConfig(I2C_Ack_TypeDef)
                        0x00903d   0x33  Code  Gb  stm8s_i2c.o [1]
I2C_IRQHandler()        0x009472    0x1  Code  Gb  stm8s_it.o [1]
I2C_Init(unsigned long, unsigned short, I2C_DutyCycle_TypeDef, I2C_Ack_TypeDef, I2C_AddMode_TypeDef, unsigned char)
                        0x0083b4  0x15c  Code  Gb  stm8s_i2c.o [1]
INTVEC$$Base            0x008000          --   Gb  - Linker created -
INTVEC$$Limit           0x008080          --   Gb  - Linker created -
Region$$Table$$Base     0x009226          --   Gb  - Linker created -
Region$$Table$$Limit    0x009238          --   Gb  - Linker created -
SPI_IRQHandler()        0x00946b    0x1  Code  Gb  stm8s_it.o [1]
TIM1_CAP_COM_IRQHandler()
                        0x00946d    0x1  Code  Gb  stm8s_it.o [1]
TIM1_UPD_OVF_TRG_BRK_IRQHandler()
                        0x00946c    0x1  Code  Gb  stm8s_it.o [1]
TIM2_CAP_COM_IRQHandler()
                        0x00946f    0x1  Code  Gb  stm8s_it.o [1]
TIM2_UPD_OVF_BRK_IRQHandler()
                        0x00946e    0x1  Code  Gb  stm8s_it.o [1]
TIM4_UPD_OVF_IRQHandler()
                        0x0093a9    0xc  Code  Gb  stm8s_it.o [1]
TLI_IRQHandler()        0x009464    0x1  Code  Gb  stm8s_it.o [1]
TRAP_IRQHandler()       0x009463    0x1  Code  Gb  stm8s_it.o [1]
UART1_RX_IRQHandler()   0x009471    0x1  Code  Gb  stm8s_it.o [1]
UART1_TX_IRQHandler()   0x009470    0x1  Code  Gb  stm8s_it.o [1]
Utils::ftoa(float, char __near *, int, char)
                        0x008a74   0x8a  Code  Lc  main.o [1]
Utils::intToStr(int, char __near *, int)
                        0x0090fe   0x29  Code  Lc  main.o [1]
Utils::intToStr(int, char __near *, int, char)
                        0x008fa4   0x33  Code  Lc  main.o [1]
Utils::power(int, unsigned int)
                        0x008d50   0x39  Code  Lc  main.o [1]
Utils::reverse(char __near *, int)
                        0x008f35   0x3a  Code  Lc  main.o [1]
WaitOnFlag(unsigned char volatile __near *, unsigned char, unsigned char, unsigned short)
                        0x0091e1   0x23  Code  Gb  system.o [1]
__DebugBreak            0x009475    0x1  Code  Gb  __dbg_break.o [3]
__exit                  0x00930a   0x14  Code  Gb  __dbg_xxexit.o [3]
__iar_copy_init2        0x009127         Code  Gb  init_small.o [4]
__iar_data_init2        0x0092f6   0x14  Code  Gb  init.o [4]
__iar_program_start     0x00931e         Code  Gb  cstartup.o [4]
__iar_unhandled_exception
                        0x00945d         Code  Gb  unhandled_exception.o [4]
__iar_zero_init2        0x009257         Code  Gb  init_small.o [4]
__intvec                0x008000         Data  Gb  interrupt.o [4]
__low_level_init        0x009457    0x3  Code  Gb  low_level_init.o [4]
_exit                   0x009445         Code  Gb  cexit.o [4]
_interrupt_1            0x009463         Code  Gb  stm8s_it.o [1]
_interrupt_12           0x00946b         Code  Gb  stm8s_it.o [1]
_interrupt_13           0x00946c         Code  Gb  stm8s_it.o [1]
_interrupt_14           0x00946d         Code  Gb  stm8s_it.o [1]
_interrupt_15           0x00946e         Code  Gb  stm8s_it.o [1]
_interrupt_16           0x00946f         Code  Gb  stm8s_it.o [1]
_interrupt_19           0x009470         Code  Gb  stm8s_it.o [1]
_interrupt_2            0x009464         Code  Gb  stm8s_it.o [1]
_interrupt_20           0x009471         Code  Gb  stm8s_it.o [1]
_interrupt_21           0x009472         Code  Gb  stm8s_it.o [1]
_interrupt_24           0x009473         Code  Gb  stm8s_it.o [1]
_interrupt_25           0x0093a9         Code  Gb  stm8s_it.o [1]
_interrupt_26           0x009474         Code  Gb  stm8s_it.o [1]
_interrupt_3            0x009465         Code  Gb  stm8s_it.o [1]
_interrupt_4            0x009466         Code  Gb  stm8s_it.o [1]
_interrupt_5            0x009467         Code  Gb  stm8s_it.o [1]
_interrupt_6            0x009468         Code  Gb  stm8s_it.o [1]
_interrupt_7            0x009469         Code  Gb  stm8s_it.o [1]
_interrupt_8            0x009204         Code  Gb  stm8s_it.o [1]
_interrupt_9            0x00946a         Code  Gb  stm8s_it.o [1]
assert_failed(unsigned char __near *, unsigned long)
                        0x009460    0x2  Code  Gb  main.o [1]
delay_ms(unsigned int)  0x009238   0x1f  Code  Gb  system.o [1]
exit                    0x00945a    0x3  Code  Gb  exit.o [4]
main                    0x00900a   0x33  Code  Gb  main.o [1]
memset                  0x0092e0   0x16  Code  Gb  memset.o [4]
platform::SoftwareTimers<HAL::gpt4<(HAL::gpt4_tick_t)6, (unsigned char)249, (unsigned char)0>, (unsigned char)3>::Run()
                        0x008b6e   0x6c  Code  Gb  main.o [1]
platform::SoftwareTimers<HAL::gpt4<(HAL::gpt4_tick_t)6, (unsigned char)249, (unsigned char)0>, (unsigned char)3>::Timers
                        0x000011   0x10  Data  Gb  main.o [1]
unsigned char const & min<unsigned char>(unsigned char const &, unsigned char const &)
                        0x00941a    0x7  Code  Gb  main.o [1]


[1] = C:\Amit_Chaudhary\STM8\STM8S103F3P6\Cobe\STM8S103F3P6_CPP - config Fonts\IDE\Debug\Obj
[2] = command line
[3] = dbgstm8smd.a
[4] = dlstm8smn.a

  4 957 bytes of readonly  code memory
    281 bytes of readonly  data memory
    379 bytes of readwrite data memory

Errors: none
Warnings: none
