###############################################################################
#
# IAR ELF Linker V3.11.1.207 for STM8                     22/Jan/2021  17:39:08
# Copyright 2010-2019 IAR Systems AB.
#
#    Output file  =  
#        C:\Amit_Chaudhary\STM8\STM8S103F3P6\Cobe\STM8S103F3P6_CPP\Debug\Exe\STM8S103F3P6_CPP.out
#    Map file     =  
#        C:\Amit_Chaudhary\STM8\STM8S103F3P6\Cobe\STM8S103F3P6_CPP\Debug\List\STM8S103F3P6_CPP.map
#    Command line =  
#        -f C:\Users\AMITCH~1\AppData\Local\Temp\EW92FC.tmp
#        (C:\Amit_Chaudhary\STM8\STM8S103F3P6\Cobe\STM8S103F3P6_CPP\Debug\Obj\CmdSvr.o
#        C:\Amit_Chaudhary\STM8\STM8S103F3P6\Cobe\STM8S103F3P6_CPP\Debug\Obj\eeprom.o
#        C:\Amit_Chaudhary\STM8\STM8S103F3P6\Cobe\STM8S103F3P6_CPP\Debug\Obj\gpio_tests.o
#        C:\Amit_Chaudhary\STM8\STM8S103F3P6\Cobe\STM8S103F3P6_CPP\Debug\Obj\I2C_Commands.o
#        C:\Amit_Chaudhary\STM8\STM8S103F3P6\Cobe\STM8S103F3P6_CPP\Debug\Obj\IWDG.o
#        C:\Amit_Chaudhary\STM8\STM8S103F3P6\Cobe\STM8S103F3P6_CPP\Debug\Obj\main.o
#        C:\Amit_Chaudhary\STM8\STM8S103F3P6\Cobe\STM8S103F3P6_CPP\Debug\Obj\RTF.o
#        C:\Amit_Chaudhary\STM8\STM8S103F3P6\Cobe\STM8S103F3P6_CPP\Debug\Obj\stm8s_i2c.o
#        C:\Amit_Chaudhary\STM8\STM8S103F3P6\Cobe\STM8S103F3P6_CPP\Debug\Obj\stm8s_it.o
#        C:\Amit_Chaudhary\STM8\STM8S103F3P6\Cobe\STM8S103F3P6_CPP\Debug\Obj\stm8s_spi.o
#        C:\Amit_Chaudhary\STM8\STM8S103F3P6\Cobe\STM8S103F3P6_CPP\Debug\Obj\stm8s_tim1.o
#        C:\Amit_Chaudhary\STM8\STM8S103F3P6\Cobe\STM8S103F3P6_CPP\Debug\Obj\stm8s_tim2.o
#        C:\Amit_Chaudhary\STM8\STM8S103F3P6\Cobe\STM8S103F3P6_CPP\Debug\Obj\system.o
#        --redirect _Printf=_PrintfFullNoMb --redirect _Scanf=_ScanfFullNoMb
#        --no_out_extension -o
#        C:\Amit_Chaudhary\STM8\STM8S103F3P6\Cobe\STM8S103F3P6_CPP\Debug\Exe\STM8S103F3P6_CPP.out
#        --map
#        C:\Amit_Chaudhary\STM8\STM8S103F3P6\Cobe\STM8S103F3P6_CPP\Debug\List\STM8S103F3P6_CPP.map
#        --config "C:\Program Files (x86)\IAR Systems\Embedded Workbench
#        8.3\stm8\config\lnkstm8s103f3.icf" --config_def _CSTACK_SIZE=0x100
#        --config_def _HEAP_SIZE=0x100 --entry __iar_program_start --debug_lib)
#
###############################################################################

*******************************************************************************
*** RUNTIME MODEL ATTRIBUTES
***

__SystemLibrary            = DLib
__code_model               = small
__core                     = stm8
__data_model               = medium
__dlib_file_descriptor     = 0
__dlib_full_locale_support = 0
__rt_version               = 4


*******************************************************************************
*** PLACEMENT SUMMARY
***

"A0":  place at start of [0x000000-0x0000ff] { rw section .vregs };
"A1":  place at end of [0x000000-0x0003ff] { block CSTACK };
"P2":  place in [from 0x000000 to 0x0003ff] {
          block HEAP, rw section __DLIB_PERTHREAD, rw section .far.bss,
          rw section .far.data, rw section .far.noinit,
          rw section .far_func.textrw, rw section .huge.bss,
          rw section .huge.data, rw section .huge.noinit,
          rw section .huge_func.textrw, rw section .iar.dynexit,
          rw section .near.bss, rw section .near.data, rw section .near.noinit,
          rw section .near_func.textrw };
"A2":  place at start of [0x008000-0x009fff] { block INTVEC };
"P3":  place in [from 0x008000 to 0x009fff] {
          ro section __DLIB_PERTHREAD_init, ro section .far.data_init,
          ro section .far_func.textrw_init, ro section .huge.data_init,
          ro section .huge_func.textrw_init, ro section .iar.init_table,
          ro section .init_array, ro section .near.data_init,
          ro section .near.rodata, ro section .near_func.text,
          ro section .near_func.textrw_init, ro section .tiny.data_init,
          ro section .tiny.rodata_init };
"P4":  place in [from 0x008000 to 0x009fff] {
          ro section .far.rodata, ro section .far_func.text };
"P5":  place in [from 0x008000 to 0x009fff] {
          ro section .huge.rodata, ro section .huge_func.text };
do not initialize {
   rw section .eeprom.noinit, rw section .far.noinit, rw section .huge.noinit,
   rw section .near.noinit, rw section .tiny.noinit, rw section .vregs };
initialize by copy {
   rw section .far.bss, rw section .far.data, rw section .far_func.textrw,
   rw section .huge.bss, rw section .huge.data, rw section .huge_func.textrw,
   rw section .iar.dynexit, rw section .near.bss, rw section .near.data,
   rw section .near_func.textrw, rw section .tiny.bss, rw section .tiny.data,
   ro section .tiny.rodata };

No sections matched the following patterns:

  ro section .far.data_init          in "P3-P5"
  ro section .far.rodata             in "P3-P5"
  ro section .far_func.text          in "P3-P5"
  ro section .far_func.textrw_init   in "P3-P5"
  ro section .huge.data_init         in "P3-P5"
  ro section .huge.rodata            in "P3-P5"
  ro section .huge_func.text         in "P3-P5"
  ro section .huge_func.textrw_init  in "P3-P5"
  ro section .iar.init_table         in "P3-P5"
  ro section .near.rodata            in "P3-P5"
  ro section .near_func.textrw_init  in "P3-P5"
  ro section .tiny.data_init         in "P3-P5"
  ro section .tiny.rodata_init       in "P3-P5"
  ro section __DLIB_PERTHREAD_init   in "P3-P5"
  rw section .far.bss                in "P2"
  rw section .far.data               in "P2"
  rw section .far.noinit             in "P2"
  rw section .far_func.textrw        in "P2"
  rw section .huge.bss               in "P2"
  rw section .huge.data              in "P2"
  rw section .huge.noinit            in "P2"
  rw section .huge_func.textrw       in "P2"
  rw section .iar.dynexit            in "P2"
  rw section .near.noinit            in "P2"
  rw section .near_func.textrw       in "P2"
  rw section .tiny.bss               in "P1"
  rw section .tiny.data              in "P1"
  rw section .tiny.noinit            in "P1"
  rw section .tiny.rodata            in "P1"
  rw section __DLIB_PERTHREAD        in "P2"
  section .eeprom.data               in "P6-P8"
  section .eeprom.noinit             in "P6-P8"
  section .eeprom.rodata             in "P6-P8"


  Section             Kind      Address   Size  Object
  -------             ----      -------   ----  ------
"A0":                                      0xc
  .vregs              uninit   0x000000    0xc  vregs.o [4]
                             - 0x00000c    0xc

"P2", part 1 of 2:                         0xf
  P2-1                         0x00000c    0xf  <Init block>
    .near.data        inited   0x00000c    0x7  CmdSvr.o [1]
    .near.data        inited   0x000013    0x4  CmdSvr.o [1]
    .near.data        inited   0x000017    0x4  CmdSvr.o [1]
                             - 0x00001b    0xf

"P2", part 2 of 2:                        0x47
  .near.bss           zero     0x00001b   0x40  system.o [1]
  .near.bss           zero     0x00005b    0x4  CmdSvr.o [1]
  .near.bss           zero     0x00005f    0x2  gpio_tests.o [1]
  .near.bss           zero     0x000061    0x1  gpio_tests.o [1]
                             - 0x000062   0x47

"A1":                                    0x100
  CSTACK                       0x000300  0x100  <Block>
    CSTACK            uninit   0x000300  0x100  <Block tail>
                             - 0x000400  0x100

"A2":                                     0x80
  INTVEC                       0x008000   0x80  <Block>
    .intvec           const    0x008000   0x80  interrupt.o [4]
                             - 0x008080   0x80

"P3-P5":                                 0x1f9
  .near_func.text     ro code  0x008080   0x71  vreg_util.o [4]
  .near_func.text     ro code  0x0080f1   0x31  gpio_tests.o [1]
  .near_func.text     ro code  0x008122   0x28  init_small.o [4]
  .near_func.text     ro code  0x00814a   0x22  main.o [1]
  .iar.init_table     const    0x00816c   0x12  - Linker created -
  .near_func.text     ro code  0x00817e   0x1e  init_small.o [4]
  .near_func.text     ro code  0x00819c   0x1d  stm8s_it.o [1]
  .near_func.text     ro code  0x0081b9   0x1d  cstartup.o [4]
  .near_func.text     ro code  0x0081d6   0x1d  cppinit.o [4]
  .near_func.text     ro code  0x0081f3   0x14  init.o [4]
  .near_func.text     ro code  0x008207   0x14  __dbg_xxexit.o [3]
  .near_func.text     ro code  0x00821b   0x13  gpio_tests.o [1]
  Initializer bytes   const    0x00822e    0xf  <for P2-1>
  .near_func.text     ro code  0x00823d    0xd  CmdSvr.o [1]
  .near_func.text     ro code  0x00824a    0x8  gpio_tests.o [1]
  .near_func.text     ro code  0x008252    0x5  cexit.o [4]
  .near_func.text     ro code  0x008257    0x3  interrupt.o [4]
  .near_func.text     ro code  0x00825a    0x3  low_level_init.o [4]
  .near_func.text     ro code  0x00825d    0x3  exit.o [4]
  .near_func.text     ro code  0x008260    0x3  unhandled_exception.o [4]
  SHT$$PREINIT_ARRAY           0x008263    0x0  <Block>
  SHT$$INIT_ARRAY              0x008263    0x2  <Block>
    .difunct          const    0x008263    0x2  CmdSvr.o [1]
  .near_func.text     ro code  0x008265    0x1  stm8s_it.o [1]
  .near_func.text     ro code  0x008266    0x1  stm8s_it.o [1]
  .near_func.text     ro code  0x008267    0x1  stm8s_it.o [1]
  .near_func.text     ro code  0x008268    0x1  stm8s_it.o [1]
  .near_func.text     ro code  0x008269    0x1  stm8s_it.o [1]
  .near_func.text     ro code  0x00826a    0x1  stm8s_it.o [1]
  .near_func.text     ro code  0x00826b    0x1  stm8s_it.o [1]
  .near_func.text     ro code  0x00826c    0x1  stm8s_it.o [1]
  .near_func.text     ro code  0x00826d    0x1  stm8s_it.o [1]
  .near_func.text     ro code  0x00826e    0x1  stm8s_it.o [1]
  .near_func.text     ro code  0x00826f    0x1  stm8s_it.o [1]
  .near_func.text     ro code  0x008270    0x1  stm8s_it.o [1]
  .near_func.text     ro code  0x008271    0x1  stm8s_it.o [1]
  .near_func.text     ro code  0x008272    0x1  stm8s_it.o [1]
  .near_func.text     ro code  0x008273    0x1  stm8s_it.o [1]
  .near_func.text     ro code  0x008274    0x1  stm8s_it.o [1]
  .near_func.text     ro code  0x008275    0x1  stm8s_it.o [1]
  .near_func.text     ro code  0x008276    0x1  stm8s_it.o [1]
  .near_func.text     ro code  0x008277    0x1  stm8s_it.o [1]
  .near_func.text     ro code  0x008278    0x1  __dbg_break.o [3]
                             - 0x008279  0x1f9


*******************************************************************************
*** INIT TABLE
***

          Address   Size
          -------   ----
Zero (__iar_zero_init2)
    1 destination range, total size 0x47:
          0x00001b  0x47

Copy (__iar_copy_init2)
    1 source range, total size 0xf:
          0x00822e   0xf
    1 destination range, total size 0xf:
          0x00000c   0xf



*******************************************************************************
*** MODULE SUMMARY
***

    Module                 ro code  ro data  rw data
    ------                 -------  -------  -------
C:\Amit_Chaudhary\STM8\STM8S103F3P6\Cobe\STM8S103F3P6_CPP\Debug\Obj: [1]
    CmdSvr.o                    13       17       19
    gpio_tests.o                76                 3
    main.o                      34
    stm8s_it.o                  48
    system.o                                      64
    ------------------------------------------------
    Total:                     171       17       86

command line: [2]
    ------------------------------------------------
    Total:

dbgstm8smd.a: [3]
    __dbg_break.o                1
    __dbg_xxexit.o              20
    ------------------------------------------------
    Total:                      21

dlstm8smn.a: [4]
    cexit.o                      5
    cppinit.o                   29
    cstartup.o                  29
    exit.o                       3
    init.o                      20
    init_small.o                70
    interrupt.o                  3      128
    low_level_init.o             3
    unhandled_exception.o        3
    vreg_util.o                113
    vregs.o                                       12
    ------------------------------------------------
    Total:                     278      128       12

    Linker created                       18      256
----------------------------------------------------
    Grand Total:               470      163      354


*******************************************************************************
*** ENTRY LIST
***

Entry                    Address  Size  Type      Object
-----                    -------  ----  ----      ------
.iar.init_table$$Base   0x00816c         --   Gb  - Linker created -
.iar.init_table$$Limit  0x00817e         --   Gb  - Linker created -
??call_ctors            0x0081c6        Code  Gb  cstartup.o [4]
?b0                     0x000000        Data  Gb  vregs.o [4]
?b1                     0x000001        Data  Gb  vregs.o [4]
?b10                    0x00000a        Data  Gb  vregs.o [4]
?b11                    0x00000b        Data  Gb  vregs.o [4]
?b2                     0x000002        Data  Gb  vregs.o [4]
?b3                     0x000003        Data  Gb  vregs.o [4]
?b4                     0x000004        Data  Gb  vregs.o [4]
?b5                     0x000005        Data  Gb  vregs.o [4]
?b6                     0x000006        Data  Gb  vregs.o [4]
?b7                     0x000007        Data  Gb  vregs.o [4]
?b8                     0x000008        Data  Gb  vregs.o [4]
?b9                     0x000009        Data  Gb  vregs.o [4]
?e0                     0x000001        Data  Gb  vregs.o [4]
?e1                     0x000005        Data  Gb  vregs.o [4]
?e2                     0x000009        Data  Gb  vregs.o [4]
?epilogue_l2            0x0080ed        Code  Gb  vreg_util.o [4]
?l0                     0x000000        Data  Gb  vregs.o [4]
?l1                     0x000004        Data  Gb  vregs.o [4]
?l2                     0x000008        Data  Gb  vregs.o [4]
?pop_l0                 0x0080c4        Code  Gb  vreg_util.o [4]
?pop_l1                 0x0080cf        Code  Gb  vreg_util.o [4]
?pop_l2                 0x0080da        Code  Gb  vreg_util.o [4]
?push_l0                0x008098        Code  Gb  vreg_util.o [4]
?push_l1                0x00809d        Code  Gb  vreg_util.o [4]
?push_l2                0x0080a2        Code  Gb  vreg_util.o [4]
?push_w4                0x008080        Code  Gb  vreg_util.o [4]
?w0                     0x000000        Data  Gb  vregs.o [4]
?w1                     0x000002        Data  Gb  vregs.o [4]
?w2                     0x000004        Data  Gb  vregs.o [4]
?w3                     0x000006        Data  Gb  vregs.o [4]
?w4                     0x000008        Data  Gb  vregs.o [4]
?w5                     0x00000a        Data  Gb  vregs.o [4]
ADC1_IRQHandler()       0x008275   0x1  Code  Gb  stm8s_it.o [1]
AWU_IRQHandler()        0x008267   0x1  Code  Gb  stm8s_it.o [1]
Button                  0x000061   0x1  Data  Gb  gpio_tests.o [1]
CLK_IRQHandler()        0x008268   0x1  Code  Gb  stm8s_it.o [1]
CSTACK$$Base            0x000300         --   Gb  - Linker created -
CSTACK$$Limit           0x000400         --   Gb  - Linker created -
CmdSvrContext           0x00005b   0x4  Data  Gb  CmdSvr.o [1]
CmdSvr_Buf              0x00000c   0x7  Data  Gb  CmdSvr.o [1]
CmdSvr_RxBuf            0x000017   0x4  Data  Gb  CmdSvr.o [1]
CmdSvr_TxBuf            0x000013   0x4  Data  Gb  CmdSvr.o [1]
DigitalIn<(Port_t)20495, (PIN_t)16, (Mode_t)2, (IntEdge_t)1, (&Gpio_Callback)>::SetInterrupt()
                        0x00821b  0x13  Code  Gb  gpio_tests.o [1]
EEPROM_EEC_IRQHandler()
                        0x008277   0x1  Code  Gb  stm8s_it.o [1]
EXTI_ISRs               0x00001b  0x40  Data  Gb  system.o [1]
EXTI_PORTA_IRQHandler()
                        0x008269   0x1  Code  Gb  stm8s_it.o [1]
EXTI_PORTB_IRQHandler()
                        0x00826a   0x1  Code  Gb  stm8s_it.o [1]
EXTI_PORTC_IRQHandler()
                        0x00826b   0x1  Code  Gb  stm8s_it.o [1]
EXTI_PORTD_IRQHandler()
                        0x00819c  0x1d  Code  Gb  stm8s_it.o [1]
EXTI_PORTE_IRQHandler()
                        0x00826c   0x1  Code  Gb  stm8s_it.o [1]
Gpio_Callback()         0x00824a   0x8  Code  Gb  gpio_tests.o [1]
I2C_IRQHandler()        0x008274   0x1  Code  Gb  stm8s_it.o [1]
INTVEC$$Base            0x008000         --   Gb  - Linker created -
INTVEC$$Limit           0x008080         --   Gb  - Linker created -
Lows                    0x00005f   0x2  Data  Lc  gpio_tests.o [1]
Region$$Table$$Base     0x00816c         --   Gb  - Linker created -
Region$$Table$$Limit    0x00817e         --   Gb  - Linker created -
SHT$$INIT_ARRAY$$Base   0x008263         --   Gb  - Linker created -
SHT$$INIT_ARRAY$$Limit  0x008265         --   Gb  - Linker created -
SHT$$PREINIT_ARRAY$$Base
                        0x008263         --   Gb  - Linker created -
SHT$$PREINIT_ARRAY$$Limit
                        0x008263         --   Gb  - Linker created -
SPI_IRQHandler()        0x00826d   0x1  Code  Gb  stm8s_it.o [1]
TIM1_CAP_COM_IRQHandler()
                        0x00826f   0x1  Code  Gb  stm8s_it.o [1]
TIM1_UPD_OVF_TRG_BRK_IRQHandler()
                        0x00826e   0x1  Code  Gb  stm8s_it.o [1]
TIM2_CAP_COM_IRQHandler()
                        0x008271   0x1  Code  Gb  stm8s_it.o [1]
TIM2_UPD_OVF_BRK_IRQHandler()
                        0x008270   0x1  Code  Gb  stm8s_it.o [1]
TIM4_UPD_OVF_IRQHandler()
                        0x008276   0x1  Code  Gb  stm8s_it.o [1]
TLI_IRQHandler()        0x008266   0x1  Code  Gb  stm8s_it.o [1]
TRAP_IRQHandler()       0x008265   0x1  Code  Gb  stm8s_it.o [1]
UART1_RX_IRQHandler()   0x008273   0x1  Code  Gb  stm8s_it.o [1]
UART1_TX_IRQHandler()   0x008272   0x1  Code  Gb  stm8s_it.o [1]
__DebugBreak            0x008278   0x1  Code  Gb  __dbg_break.o [3]
__call_ctors            0x0081d6  0x1d  Code  Gb  cppinit.o [4]
__exit                  0x008207  0x14  Code  Gb  __dbg_xxexit.o [3]
__iar_copy_init2        0x008122        Code  Gb  init_small.o [4]
__iar_cstart_call_ctors
                        0x0081c6        Code  Gb  cstartup.o [4]
__iar_data_init2        0x0081f3  0x14  Code  Gb  init.o [4]
__iar_program_start     0x0081b9        Code  Gb  cstartup.o [4]
__iar_unhandled_exception
                        0x008260        Code  Gb  unhandled_exception.o [4]
__iar_zero_init2        0x00817e        Code  Gb  init_small.o [4]
__intvec                0x008000        Data  Gb  interrupt.o [4]
__low_level_init        0x00825a   0x3  Code  Gb  low_level_init.o [4]
__sti__routine          0x00823d   0xd  Code  Lc  CmdSvr.o [1]
_exit                   0x008252        Code  Gb  cexit.o [4]
_interrupt_1            0x008265        Code  Gb  stm8s_it.o [1]
_interrupt_12           0x00826d        Code  Gb  stm8s_it.o [1]
_interrupt_13           0x00826e        Code  Gb  stm8s_it.o [1]
_interrupt_14           0x00826f        Code  Gb  stm8s_it.o [1]
_interrupt_15           0x008270        Code  Gb  stm8s_it.o [1]
_interrupt_16           0x008271        Code  Gb  stm8s_it.o [1]
_interrupt_19           0x008272        Code  Gb  stm8s_it.o [1]
_interrupt_2            0x008266        Code  Gb  stm8s_it.o [1]
_interrupt_20           0x008273        Code  Gb  stm8s_it.o [1]
_interrupt_21           0x008274        Code  Gb  stm8s_it.o [1]
_interrupt_24           0x008275        Code  Gb  stm8s_it.o [1]
_interrupt_25           0x008276        Code  Gb  stm8s_it.o [1]
_interrupt_26           0x008277        Code  Gb  stm8s_it.o [1]
_interrupt_3            0x008267        Code  Gb  stm8s_it.o [1]
_interrupt_4            0x008268        Code  Gb  stm8s_it.o [1]
_interrupt_5            0x008269        Code  Gb  stm8s_it.o [1]
_interrupt_6            0x00826a        Code  Gb  stm8s_it.o [1]
_interrupt_7            0x00826b        Code  Gb  stm8s_it.o [1]
_interrupt_8            0x00819c        Code  Gb  stm8s_it.o [1]
_interrupt_9            0x00826c        Code  Gb  stm8s_it.o [1]
exit                    0x00825d   0x3  Code  Gb  exit.o [4]
gpio_tests()            0x0080f1  0x31  Code  Gb  gpio_tests.o [1]
main                    0x00814a  0x22  Code  Gb  main.o [1]


[1] = C:\Amit_Chaudhary\STM8\STM8S103F3P6\Cobe\STM8S103F3P6_CPP\Debug\Obj
[2] = command line
[3] = dbgstm8smd.a
[4] = dlstm8smn.a

  470 bytes of readonly  code memory
  163 bytes of readonly  data memory
  354 bytes of readwrite data memory

Errors: none
Warnings: none
