###############################################################################
#
# IAR ELF Linker V3.11.1.207 for STM8                     14/Feb/2021  10:05:03
# Copyright 2010-2019 IAR Systems AB.
#
#    Output file  =  
#        C:\Amit_Chaudhary\STM8\STM8S103F3P6\Cobe\STM8S103F3P6_CPP -
#        ADC\Debug\Exe\STM8S103F3P6_CPP.out
#    Map file     =  
#        C:\Amit_Chaudhary\STM8\STM8S103F3P6\Cobe\STM8S103F3P6_CPP -
#        ADC\Debug\List\STM8S103F3P6_CPP.map
#    Command line =  
#        -f C:\Users\AMITCH~1\AppData\Local\Temp\EW762.tmp
#        ("C:\Amit_Chaudhary\STM8\STM8S103F3P6\Cobe\STM8S103F3P6_CPP -
#        ADC\Debug\Obj\adc_tests.o"
#        "C:\Amit_Chaudhary\STM8\STM8S103F3P6\Cobe\STM8S103F3P6_CPP -
#        ADC\Debug\Obj\CmdSvr.o"
#        "C:\Amit_Chaudhary\STM8\STM8S103F3P6\Cobe\STM8S103F3P6_CPP -
#        ADC\Debug\Obj\eeprom.o"
#        "C:\Amit_Chaudhary\STM8\STM8S103F3P6\Cobe\STM8S103F3P6_CPP -
#        ADC\Debug\Obj\gpio_tests.o"
#        "C:\Amit_Chaudhary\STM8\STM8S103F3P6\Cobe\STM8S103F3P6_CPP -
#        ADC\Debug\Obj\I2C_Commands.o"
#        "C:\Amit_Chaudhary\STM8\STM8S103F3P6\Cobe\STM8S103F3P6_CPP -
#        ADC\Debug\Obj\IWDG.o"
#        "C:\Amit_Chaudhary\STM8\STM8S103F3P6\Cobe\STM8S103F3P6_CPP -
#        ADC\Debug\Obj\main.o"
#        "C:\Amit_Chaudhary\STM8\STM8S103F3P6\Cobe\STM8S103F3P6_CPP -
#        ADC\Debug\Obj\RTF.o"
#        "C:\Amit_Chaudhary\STM8\STM8S103F3P6\Cobe\STM8S103F3P6_CPP -
#        ADC\Debug\Obj\stm8s_adc1.o"
#        "C:\Amit_Chaudhary\STM8\STM8S103F3P6\Cobe\STM8S103F3P6_CPP -
#        ADC\Debug\Obj\stm8s_i2c.o"
#        "C:\Amit_Chaudhary\STM8\STM8S103F3P6\Cobe\STM8S103F3P6_CPP -
#        ADC\Debug\Obj\stm8s_it.o"
#        "C:\Amit_Chaudhary\STM8\STM8S103F3P6\Cobe\STM8S103F3P6_CPP -
#        ADC\Debug\Obj\stm8s_spi.o"
#        "C:\Amit_Chaudhary\STM8\STM8S103F3P6\Cobe\STM8S103F3P6_CPP -
#        ADC\Debug\Obj\stm8s_tim1.o"
#        "C:\Amit_Chaudhary\STM8\STM8S103F3P6\Cobe\STM8S103F3P6_CPP -
#        ADC\Debug\Obj\stm8s_tim2.o"
#        "C:\Amit_Chaudhary\STM8\STM8S103F3P6\Cobe\STM8S103F3P6_CPP -
#        ADC\Debug\Obj\system.o"
#        "C:\Amit_Chaudhary\STM8\STM8S103F3P6\Cobe\STM8S103F3P6_CPP -
#        ADC\Debug\Obj\timers_test.o" --redirect _Printf=_PrintfFullNoMb
#        --redirect _Scanf=_ScanfFullNoMb --no_out_extension -o
#        "C:\Amit_Chaudhary\STM8\STM8S103F3P6\Cobe\STM8S103F3P6_CPP -
#        ADC\Debug\Exe\STM8S103F3P6_CPP.out" --map
#        "C:\Amit_Chaudhary\STM8\STM8S103F3P6\Cobe\STM8S103F3P6_CPP -
#        ADC\Debug\List\STM8S103F3P6_CPP.map" --config "C:\Program Files
#        (x86)\IAR Systems\Embedded Workbench
#        8.3\stm8\config\lnkstm8s103f3.icf" --config_def _CSTACK_SIZE=0x100
#        --config_def _HEAP_SIZE=0x100 --entry __iar_program_start --debug_lib)
#
###############################################################################

*******************************************************************************
*** RUNTIME MODEL ATTRIBUTES
***

__SystemLibrary            = DLib
__code_model               = small
__core                     = stm8
__data_model               = medium
__dlib_file_descriptor     = 0
__dlib_full_locale_support = 0
__rt_version               = 4


*******************************************************************************
*** PLACEMENT SUMMARY
***

"A0":  place at start of [0x000000-0x0000ff] { rw section .vregs };
"A1":  place at end of [0x000000-0x0003ff] { block CSTACK };
"P2":  place in [from 0x000000 to 0x0003ff] {
          block HEAP, rw section __DLIB_PERTHREAD, rw section .far.bss,
          rw section .far.data, rw section .far.noinit,
          rw section .far_func.textrw, rw section .huge.bss,
          rw section .huge.data, rw section .huge.noinit,
          rw section .huge_func.textrw, rw section .iar.dynexit,
          rw section .near.bss, rw section .near.data, rw section .near.noinit,
          rw section .near_func.textrw };
"A2":  place at start of [0x008000-0x009fff] { block INTVEC };
"P3":  place in [from 0x008000 to 0x009fff] {
          ro section __DLIB_PERTHREAD_init, ro section .far.data_init,
          ro section .far_func.textrw_init, ro section .huge.data_init,
          ro section .huge_func.textrw_init, ro section .iar.init_table,
          ro section .init_array, ro section .near.data_init,
          ro section .near.rodata, ro section .near_func.text,
          ro section .near_func.textrw_init, ro section .tiny.data_init,
          ro section .tiny.rodata_init };
"P4":  place in [from 0x008000 to 0x009fff] {
          ro section .far.rodata, ro section .far_func.text };
"P5":  place in [from 0x008000 to 0x009fff] {
          ro section .huge.rodata, ro section .huge_func.text };
do not initialize {
   rw section .eeprom.noinit, rw section .far.noinit, rw section .huge.noinit,
   rw section .near.noinit, rw section .tiny.noinit, rw section .vregs };
initialize by copy {
   rw section .far.bss, rw section .far.data, rw section .far_func.textrw,
   rw section .huge.bss, rw section .huge.data, rw section .huge_func.textrw,
   rw section .iar.dynexit, rw section .near.bss, rw section .near.data,
   rw section .near_func.textrw, rw section .tiny.bss, rw section .tiny.data,
   ro section .tiny.rodata };

No sections matched the following patterns:

  ro section .far.data_init          in "P3-P5"
  ro section .far.rodata             in "P3-P5"
  ro section .far_func.text          in "P3-P5"
  ro section .far_func.textrw_init   in "P3-P5"
  ro section .huge.data_init         in "P3-P5"
  ro section .huge.rodata            in "P3-P5"
  ro section .huge_func.text         in "P3-P5"
  ro section .huge_func.textrw_init  in "P3-P5"
  ro section .iar.init_table         in "P3-P5"
  ro section .near.rodata            in "P3-P5"
  ro section .near_func.textrw_init  in "P3-P5"
  ro section .tiny.data_init         in "P3-P5"
  ro section .tiny.rodata_init       in "P3-P5"
  ro section __DLIB_PERTHREAD_init   in "P3-P5"
  rw section .far.bss                in "P2"
  rw section .far.data               in "P2"
  rw section .far.noinit             in "P2"
  rw section .far_func.textrw        in "P2"
  rw section .huge.bss               in "P2"
  rw section .huge.data              in "P2"
  rw section .huge.noinit            in "P2"
  rw section .huge_func.textrw       in "P2"
  rw section .iar.dynexit            in "P2"
  rw section .near.noinit            in "P2"
  rw section .near_func.textrw       in "P2"
  rw section .tiny.bss               in "P1"
  rw section .tiny.data              in "P1"
  rw section .tiny.noinit            in "P1"
  rw section .tiny.rodata            in "P1"
  rw section __DLIB_PERTHREAD        in "P2"
  section .eeprom.data               in "P6-P8"
  section .eeprom.noinit             in "P6-P8"
  section .eeprom.rodata             in "P6-P8"


  Section             Kind      Address   Size  Object
  -------             ----      -------   ----  ------
"A0":                                      0xc
  .vregs              uninit   0x000000    0xc  vregs.o [4]
                             - 0x00000c    0xc

"P2":                                     0x70
  P2-1                         0x00000c   0x70  <Init block>
    .near.data        inited   0x00000c    0x7  CmdSvr.o [1]
    .near.data        inited   0x000013    0x4  CmdSvr.o [1]
    .near.data        inited   0x000017    0x4  CmdSvr.o [1]
    .near.data        inited   0x00001b   0x4b  timers_test.o [1]
    .near.bss         inited   0x000066    0x2  adc_tests.o [1]
    .near.bss         inited   0x000068    0x2  adc_tests.o [1]
    .near.bss         inited   0x00006a    0x4  CmdSvr.o [1]
    .near.bss         inited   0x00006e    0x2  gpio_tests.o [1]
    .near.bss         inited   0x000070    0x4  timers_test.o [1]
    .near.bss         inited   0x000074    0x4  timers_test.o [1]
    .near.bss         inited   0x000078    0x4  timers_test.o [1]
                             - 0x00007c   0x70

"A1":                                    0x100
  CSTACK                       0x000300  0x100  <Block>
    CSTACK            uninit   0x000300  0x100  <Block tail>
                             - 0x000400  0x100

"A2":                                     0x80
  INTVEC                       0x008000   0x80  <Block>
    .intvec           const    0x008000   0x80  interrupt.o [4]
                             - 0x008080   0x80

"P3-P5":                                 0x3a5
  .near_func.text     ro code  0x008080   0x83  adc_tests.o [1]
  .near_func.text     ro code  0x008103   0x71  vreg_util.o [4]
  Initializer bytes   const    0x008174   0x70  <for P2-1>
  .near_func.text     ro code  0x0081e4   0x3b  stm8s_it.o [1]
  .near_func.text     ro code  0x00821f   0x33  stm8s_it.o [1]
  .near_func.text     ro code  0x008252   0x28  init_small.o [4]
  .near_func.text     ro code  0x00827a   0x22  main.o [1]
  .iar.init_table     const    0x00829c    0xa  - Linker created -
  .near_func.text     ro code  0x0082a6   0x1f  stm8s_it.o [1]
  .near_func.text     ro code  0x0082c5   0x1f  stm8s_it.o [1]
  .near_func.text     ro code  0x0082e4   0x1d  stm8s_it.o [1]
  .near_func.text     ro code  0x008301   0x1d  cstartup.o [4]
  .near_func.text     ro code  0x00831e   0x1d  cppinit.o [4]
  .near_func.text     ro code  0x00833b   0x1a  long_util.o [4]
  .near_func.text     ro code  0x008355   0x17  stm8s_it.o [1]
  .near_func.text     ro code  0x00836c   0x14  init.o [4]
  .near_func.text     ro code  0x008380   0x14  __dbg_xxexit.o [3]
  .near_func.text     ro code  0x008394   0x13  long.o [4]
  .near_func.text     ro code  0x0083a7   0x10  adc_tests.o [1]
  .near_func.text     ro code  0x0083b7    0xf  stm8s_it.o [1]
  .near_func.text     ro code  0x0083c6    0xe  adc_tests.o [1]
  .near_func.text     ro code  0x0083d4    0xd  CmdSvr.o [1]
  .near_func.text     ro code  0x0083e1    0xa  adc_tests.o [1]
  .near_func.text     ro code  0x0083eb    0xa  stm8s_it.o [1]
  .near_func.text     ro code  0x0083f5    0x8  gpio_tests.o [1]
  .near_func.text     ro code  0x0083fd    0x6  stm8s_it.o [1]
  .near_func.text     ro code  0x008403    0x5  cexit.o [4]
  .near_func.text     ro code  0x008408    0x3  interrupt.o [4]
  .near_func.text     ro code  0x00840b    0x3  low_level_init.o [4]
  .near_func.text     ro code  0x00840e    0x3  exit.o [4]
  .near_func.text     ro code  0x008411    0x3  unhandled_exception.o [4]
  SHT$$PREINIT_ARRAY           0x008414    0x0  <Block>
  SHT$$INIT_ARRAY              0x008414    0x2  <Block>
    .difunct          const    0x008414    0x2  CmdSvr.o [1]
  .near_func.text     ro code  0x008416    0x1  stm8s_it.o [1]
  .near_func.text     ro code  0x008417    0x1  stm8s_it.o [1]
  .near_func.text     ro code  0x008418    0x1  stm8s_it.o [1]
  .near_func.text     ro code  0x008419    0x1  stm8s_it.o [1]
  .near_func.text     ro code  0x00841a    0x1  stm8s_it.o [1]
  .near_func.text     ro code  0x00841b    0x1  stm8s_it.o [1]
  .near_func.text     ro code  0x00841c    0x1  stm8s_it.o [1]
  .near_func.text     ro code  0x00841d    0x1  stm8s_it.o [1]
  .near_func.text     ro code  0x00841e    0x1  stm8s_it.o [1]
  .near_func.text     ro code  0x00841f    0x1  stm8s_it.o [1]
  .near_func.text     ro code  0x008420    0x1  stm8s_it.o [1]
  .near_func.text     ro code  0x008421    0x1  stm8s_it.o [1]
  .near_func.text     ro code  0x008422    0x1  stm8s_it.o [1]
  .near_func.text     ro code  0x008423    0x1  stm8s_it.o [1]
  .near_func.text     ro code  0x008424    0x1  __dbg_break.o [3]
                             - 0x008425  0x3a5


*******************************************************************************
*** INIT TABLE
***

          Address   Size
          -------   ----
Copy (__iar_copy_init2)
    1 source range, total size 0x70:
          0x008174  0x70
    1 destination range, total size 0x70:
          0x00000c  0x70



*******************************************************************************
*** MODULE SUMMARY
***

    Module                 ro code  ro data  rw data
    ------                 -------  -------  -------
C:\Amit_Chaudhary\STM8\STM8S103F3P6\Cobe\STM8S103F3P6_CPP - ADC\Debug\Obj: [1]
    CmdSvr.o                    13       21       19
    adc_tests.o                171        4        4
    gpio_tests.o                 8        2        2
    main.o                      34
    stm8s_it.o                 269
    timers_test.o                        87       87
    ------------------------------------------------
    Total:                     495      114      112

command line: [2]
    ------------------------------------------------
    Total:

dbgstm8smd.a: [3]
    __dbg_break.o                1
    __dbg_xxexit.o              20
    ------------------------------------------------
    Total:                      21

dlstm8smn.a: [4]
    cexit.o                      5
    cppinit.o                   29
    cstartup.o                  29
    exit.o                       3
    init.o                      20
    init_small.o                40
    interrupt.o                  3      128
    long.o                      19
    long_util.o                 26
    low_level_init.o             3
    unhandled_exception.o        3
    vreg_util.o                113
    vregs.o                                       12
    ------------------------------------------------
    Total:                     293      128       12

    Linker created                       10      256
----------------------------------------------------
    Grand Total:               809      252      380


*******************************************************************************
*** ENTRY LIST
***

Entry                    Address  Size  Type      Object
-----                    -------  ----  ----      ------
.iar.init_table$$Base   0x00829c         --   Gb  - Linker created -
.iar.init_table$$Limit  0x0082a6         --   Gb  - Linker created -
??call_ctors            0x00830e        Code  Gb  cstartup.o [4]
?b0                     0x000000        Data  Gb  vregs.o [4]
?b1                     0x000001        Data  Gb  vregs.o [4]
?b10                    0x00000a        Data  Gb  vregs.o [4]
?b11                    0x00000b        Data  Gb  vregs.o [4]
?b2                     0x000002        Data  Gb  vregs.o [4]
?b3                     0x000003        Data  Gb  vregs.o [4]
?b4                     0x000004        Data  Gb  vregs.o [4]
?b5                     0x000005        Data  Gb  vregs.o [4]
?b6                     0x000006        Data  Gb  vregs.o [4]
?b7                     0x000007        Data  Gb  vregs.o [4]
?b8                     0x000008        Data  Gb  vregs.o [4]
?b9                     0x000009        Data  Gb  vregs.o [4]
?e0                     0x000001        Data  Gb  vregs.o [4]
?e1                     0x000005        Data  Gb  vregs.o [4]
?e2                     0x000009        Data  Gb  vregs.o [4]
?epilogue_l2            0x008170        Code  Gb  vreg_util.o [4]
?inc32_0x_0x            0x008399        Code  Gb  long.o [4]
?inc32_l0_l0            0x008394        Code  Gb  long.o [4]
?l0                     0x000000        Data  Gb  vregs.o [4]
?l1                     0x000004        Data  Gb  vregs.o [4]
?l2                     0x000008        Data  Gb  vregs.o [4]
?load32_0x_l0           0x008347        Code  Gb  long_util.o [4]
?load32_l0_0x           0x00833b        Code  Gb  long_util.o [4]
?pop_l0                 0x008147        Code  Gb  vreg_util.o [4]
?pop_l1                 0x008152        Code  Gb  vreg_util.o [4]
?pop_l2                 0x00815d        Code  Gb  vreg_util.o [4]
?push_l0                0x00811b        Code  Gb  vreg_util.o [4]
?push_l1                0x008120        Code  Gb  vreg_util.o [4]
?push_l2                0x008125        Code  Gb  vreg_util.o [4]
?push_w4                0x008103        Code  Gb  vreg_util.o [4]
?w0                     0x000000        Data  Gb  vregs.o [4]
?w1                     0x000002        Data  Gb  vregs.o [4]
?w2                     0x000004        Data  Gb  vregs.o [4]
?w3                     0x000006        Data  Gb  vregs.o [4]
?w4                     0x000008        Data  Gb  vregs.o [4]
?w5                     0x00000a        Data  Gb  vregs.o [4]
ADC1_IRQHandler()       0x008422   0x1  Code  Gb  stm8s_it.o [1]
AWU_IRQHandler()        0x008418   0x1  Code  Gb  stm8s_it.o [1]
AdcVal5                 0x000066   0x2  Data  Lc  adc_tests.o [1]
AdcVal6                 0x000068   0x2  Data  Lc  adc_tests.o [1]
CLK_IRQHandler()        0x008419   0x1  Code  Gb  stm8s_it.o [1]
CSTACK$$Base            0x000300         --   Gb  - Linker created -
CSTACK$$Limit           0x000400         --   Gb  - Linker created -
CmdSvrContext           0x00006a   0x4  Data  Gb  CmdSvr.o [1]
CmdSvr_Buf              0x00000c   0x7  Data  Gb  CmdSvr.o [1]
CmdSvr_RxBuf            0x000017   0x4  Data  Gb  CmdSvr.o [1]
CmdSvr_TxBuf            0x000013   0x4  Data  Gb  CmdSvr.o [1]
EEPROM_EEC_IRQHandler()
                        0x008423   0x1  Code  Gb  stm8s_it.o [1]
EXTI_PORTA_IRQHandler()
                        0x00841a   0x1  Code  Gb  stm8s_it.o [1]
EXTI_PORTB_IRQHandler()
                        0x00841b   0x1  Code  Gb  stm8s_it.o [1]
EXTI_PORTC_IRQHandler()
                        0x00841c   0x1  Code  Gb  stm8s_it.o [1]
EXTI_PORTD_IRQHandler()
                        0x0082e4  0x1d  Code  Gb  stm8s_it.o [1]
EXTI_PORTE_IRQHandler()
                        0x00841d   0x1  Code  Gb  stm8s_it.o [1]
Gpio_Callback()         0x0083f5   0x8  Code  Gb  gpio_tests.o [1]
I2C_IRQHandler()        0x008421   0x1  Code  Gb  stm8s_it.o [1]
INTVEC$$Base            0x008000         --   Gb  - Linker created -
INTVEC$$Limit           0x008080         --   Gb  - Linker created -
Lows                    0x00006e   0x2  Data  Lc  gpio_tests.o [1]
PulseIn                 0x00001b  0x4b  Data  Gb  timers_test.o [1]
Region$$Table$$Base     0x00829c         --   Gb  - Linker created -
Region$$Table$$Limit    0x0082a6         --   Gb  - Linker created -
SHT$$INIT_ARRAY$$Base   0x008414         --   Gb  - Linker created -
SHT$$INIT_ARRAY$$Limit  0x008416         --   Gb  - Linker created -
SHT$$PREINIT_ARRAY$$Base
                        0x008414         --   Gb  - Linker created -
SHT$$PREINIT_ARRAY$$Limit
                        0x008414         --   Gb  - Linker created -
SPI_IRQHandler()        0x00841e   0x1  Code  Gb  stm8s_it.o [1]
TIM1_CAP_COM_IRQHandler()
                        0x0081e4  0x3b  Code  Gb  stm8s_it.o [1]
TIM1_UPD_OVF_TRG_BRK_IRQHandler()
                        0x0082a6  0x1f  Code  Gb  stm8s_it.o [1]
TIM2_CAP_COM_IRQHandler()
                        0x00821f  0x33  Code  Gb  stm8s_it.o [1]
TIM2_UPD_OVF_BRK_IRQHandler()
                        0x0082c5  0x1f  Code  Gb  stm8s_it.o [1]
TIM4_UPD_OVF_IRQHandler()
                        0x008355  0x17  Code  Gb  stm8s_it.o [1]
TLI_IRQHandler()        0x008417   0x1  Code  Gb  stm8s_it.o [1]
TRAP_IRQHandler()       0x008416   0x1  Code  Gb  stm8s_it.o [1]
UART1_RX_IRQHandler()   0x008420   0x1  Code  Gb  stm8s_it.o [1]
UART1_TX_IRQHandler()   0x00841f   0x1  Code  Gb  stm8s_it.o [1]
__DebugBreak            0x008424   0x1  Code  Gb  __dbg_break.o [3]
__call_ctors            0x00831e  0x1d  Code  Gb  cppinit.o [4]
__exit                  0x008380  0x14  Code  Gb  __dbg_xxexit.o [3]
__iar_copy_init2        0x008252        Code  Gb  init_small.o [4]
__iar_cstart_call_ctors
                        0x00830e        Code  Gb  cstartup.o [4]
__iar_data_init2        0x00836c  0x14  Code  Gb  init.o [4]
__iar_program_start     0x008301        Code  Gb  cstartup.o [4]
__iar_unhandled_exception
                        0x008411        Code  Gb  unhandled_exception.o [4]
__intvec                0x008000        Data  Gb  interrupt.o [4]
__low_level_init        0x00840b   0x3  Code  Gb  low_level_init.o [4]
__sti__routine          0x0083d4   0xd  Code  Lc  CmdSvr.o [1]
_exit                   0x008403        Code  Gb  cexit.o [4]
_interrupt_1            0x008416        Code  Gb  stm8s_it.o [1]
_interrupt_12           0x00841e        Code  Gb  stm8s_it.o [1]
_interrupt_13           0x0082a6        Code  Gb  stm8s_it.o [1]
_interrupt_14           0x0081e4        Code  Gb  stm8s_it.o [1]
_interrupt_15           0x0082c5        Code  Gb  stm8s_it.o [1]
_interrupt_16           0x00821f        Code  Gb  stm8s_it.o [1]
_interrupt_19           0x00841f        Code  Gb  stm8s_it.o [1]
_interrupt_2            0x008417        Code  Gb  stm8s_it.o [1]
_interrupt_20           0x008420        Code  Gb  stm8s_it.o [1]
_interrupt_21           0x008421        Code  Gb  stm8s_it.o [1]
_interrupt_24           0x008422        Code  Gb  stm8s_it.o [1]
_interrupt_25           0x008355        Code  Gb  stm8s_it.o [1]
_interrupt_26           0x008423        Code  Gb  stm8s_it.o [1]
_interrupt_3            0x008418        Code  Gb  stm8s_it.o [1]
_interrupt_4            0x008419        Code  Gb  stm8s_it.o [1]
_interrupt_5            0x00841a        Code  Gb  stm8s_it.o [1]
_interrupt_6            0x00841b        Code  Gb  stm8s_it.o [1]
_interrupt_7            0x00841c        Code  Gb  stm8s_it.o [1]
_interrupt_8            0x0082e4        Code  Gb  stm8s_it.o [1]
_interrupt_9            0x00841d        Code  Gb  stm8s_it.o [1]
adc_tests()             0x008080  0x83  Code  Gb  adc_tests.o [1]
exit                    0x00840e   0x3  Code  Gb  exit.o [4]
main                    0x00827a  0x22  Code  Gb  main.o [1]
timer1                  0x000070   0x4  Data  Gb  timers_test.o [1]
timer2                  0x000074   0x4  Data  Gb  timers_test.o [1]
timer4                  0x000078   0x4  Data  Gb  timers_test.o [1]


[1] = C:\Amit_Chaudhary\STM8\STM8S103F3P6\Cobe\STM8S103F3P6_CPP - ADC\Debug\Obj
[2] = command line
[3] = dbgstm8smd.a
[4] = dlstm8smn.a

  809 bytes of readonly  code memory
  252 bytes of readonly  data memory
  380 bytes of readwrite data memory

Errors: none
Warnings: none
