###############################################################################
#
# IAR ELF Linker V3.11.1.207 for STM8                     26/Apr/2021  09:32:11
# Copyright 2010-2019 IAR Systems AB.
#
#    Output file  =  
#        C:\Amit_Chaudhary\STM8\STM8S103F3P6\Cobe\STM8S103F3P6_CPP - Font in
#        eeprom\IDE\Debug\Exe\STM8S103F3P6_CPP.out
#    Map file     =  
#        C:\Amit_Chaudhary\STM8\STM8S103F3P6\Cobe\STM8S103F3P6_CPP - Font in
#        eeprom\IDE\Debug\List\STM8S103F3P6_CPP.map
#    Command line =  
#        -f C:\Users\AMITCH~1\AppData\Local\Temp\EW3608.tmp
#        ("C:\Amit_Chaudhary\STM8\STM8S103F3P6\Cobe\STM8S103F3P6_CPP - Font in
#        eeprom\IDE\Debug\Obj\fonts.o"
#        "C:\Amit_Chaudhary\STM8\STM8S103F3P6\Cobe\STM8S103F3P6_CPP - Font in
#        eeprom\IDE\Debug\Obj\gpio_tests.o"
#        "C:\Amit_Chaudhary\STM8\STM8S103F3P6\Cobe\STM8S103F3P6_CPP - Font in
#        eeprom\IDE\Debug\Obj\HAL_Objects.o"
#        "C:\Amit_Chaudhary\STM8\STM8S103F3P6\Cobe\STM8S103F3P6_CPP - Font in
#        eeprom\IDE\Debug\Obj\main.o"
#        "C:\Amit_Chaudhary\STM8\STM8S103F3P6\Cobe\STM8S103F3P6_CPP - Font in
#        eeprom\IDE\Debug\Obj\RTF.o"
#        "C:\Amit_Chaudhary\STM8\STM8S103F3P6\Cobe\STM8S103F3P6_CPP - Font in
#        eeprom\IDE\Debug\Obj\stm8s_adc1.o"
#        "C:\Amit_Chaudhary\STM8\STM8S103F3P6\Cobe\STM8S103F3P6_CPP - Font in
#        eeprom\IDE\Debug\Obj\stm8s_i2c.o"
#        "C:\Amit_Chaudhary\STM8\STM8S103F3P6\Cobe\STM8S103F3P6_CPP - Font in
#        eeprom\IDE\Debug\Obj\stm8s_it.o"
#        "C:\Amit_Chaudhary\STM8\STM8S103F3P6\Cobe\STM8S103F3P6_CPP - Font in
#        eeprom\IDE\Debug\Obj\stm8s_spi.o"
#        "C:\Amit_Chaudhary\STM8\STM8S103F3P6\Cobe\STM8S103F3P6_CPP - Font in
#        eeprom\IDE\Debug\Obj\stm8s_tim1.o"
#        "C:\Amit_Chaudhary\STM8\STM8S103F3P6\Cobe\STM8S103F3P6_CPP - Font in
#        eeprom\IDE\Debug\Obj\stm8s_tim2.o"
#        "C:\Amit_Chaudhary\STM8\STM8S103F3P6\Cobe\STM8S103F3P6_CPP - Font in
#        eeprom\IDE\Debug\Obj\system.o"
#        "C:\Amit_Chaudhary\STM8\STM8S103F3P6\Cobe\STM8S103F3P6_CPP - Font in
#        eeprom\IDE\Debug\Obj\timers_test.o" --redirect _Printf=_PrintfFullNoMb
#        --redirect _Scanf=_ScanfFullNoMb --no_out_extension -o
#        "C:\Amit_Chaudhary\STM8\STM8S103F3P6\Cobe\STM8S103F3P6_CPP - Font in
#        eeprom\IDE\Debug\Exe\STM8S103F3P6_CPP.out" --map
#        "C:\Amit_Chaudhary\STM8\STM8S103F3P6\Cobe\STM8S103F3P6_CPP - Font in
#        eeprom\IDE\Debug\List\STM8S103F3P6_CPP.map" --config "C:\Program Files
#        (x86)\IAR Systems\Embedded Workbench
#        8.3\stm8\config\lnkstm8s103f3.icf" --config_def _CSTACK_SIZE=0x100
#        --config_def _HEAP_SIZE=0x100 --entry __iar_program_start --debug_lib)
#
###############################################################################

*******************************************************************************
*** RUNTIME MODEL ATTRIBUTES
***

__SystemLibrary            = DLib
__code_model               = small
__core                     = stm8
__data_model               = medium
__dlib_file_descriptor     = 0
__dlib_full_locale_support = 0
__rt_version               = 4


*******************************************************************************
*** PLACEMENT SUMMARY
***

"A0":  place at start of [0x000000-0x0000ff] { rw section .vregs };
"A1":  place at end of [0x000000-0x0003ff] { block CSTACK };
"P2":  place in [from 0x000000 to 0x0003ff] {
          block HEAP, rw section __DLIB_PERTHREAD, rw section .far.bss,
          rw section .far.data, rw section .far.noinit,
          rw section .far_func.textrw, rw section .huge.bss,
          rw section .huge.data, rw section .huge.noinit,
          rw section .huge_func.textrw, rw section .iar.dynexit,
          rw section .near.bss, rw section .near.data, rw section .near.noinit,
          rw section .near_func.textrw };
"A2":  place at start of [0x008000-0x009fff] { block INTVEC };
"P3":  place in [from 0x008000 to 0x009fff] {
          ro section __DLIB_PERTHREAD_init, ro section .far.data_init,
          ro section .far_func.textrw_init, ro section .huge.data_init,
          ro section .huge_func.textrw_init, ro section .iar.init_table,
          ro section .init_array, ro section .near.data_init,
          ro section .near.rodata, ro section .near_func.text,
          ro section .near_func.textrw_init, ro section .tiny.data_init,
          ro section .tiny.rodata_init };
"P4":  place in [from 0x008000 to 0x009fff] {
          ro section .far.rodata, ro section .far_func.text };
"P5":  place in [from 0x008000 to 0x009fff] {
          ro section .huge.rodata, ro section .huge_func.text };
do not initialize {
   rw section .eeprom.noinit, rw section .far.noinit, rw section .huge.noinit,
   rw section .near.noinit, rw section .tiny.noinit, rw section .vregs };
initialize by copy {
   rw section .far.bss, rw section .far.data, rw section .far_func.textrw,
   rw section .huge.bss, rw section .huge.data, rw section .huge_func.textrw,
   rw section .iar.dynexit, rw section .near.bss, rw section .near.data,
   rw section .near_func.textrw, rw section .tiny.bss, rw section .tiny.data,
   ro section .tiny.rodata };

No sections matched the following patterns:

  ro section .far.data_init          in "P3-P5"
  ro section .far.rodata             in "P3-P5"
  ro section .far_func.text          in "P3-P5"
  ro section .far_func.textrw_init   in "P3-P5"
  ro section .huge.data_init         in "P3-P5"
  ro section .huge.rodata            in "P3-P5"
  ro section .huge_func.text         in "P3-P5"
  ro section .huge_func.textrw_init  in "P3-P5"
  ro section .iar.init_table         in "P3-P5"
  ro section .init_array             in "P3-P5"
  ro section .near_func.textrw_init  in "P3-P5"
  ro section .tiny.data_init         in "P3-P5"
  ro section .tiny.rodata_init       in "P3-P5"
  ro section __DLIB_PERTHREAD_init   in "P3-P5"
  rw section .far.bss                in "P2"
  rw section .far.data               in "P2"
  rw section .far.noinit             in "P2"
  rw section .far_func.textrw        in "P2"
  rw section .huge.bss               in "P2"
  rw section .huge.data              in "P2"
  rw section .huge.noinit            in "P2"
  rw section .huge_func.textrw       in "P2"
  rw section .iar.dynexit            in "P2"
  rw section .near.noinit            in "P2"
  rw section .near_func.textrw       in "P2"
  rw section .tiny.bss               in "P1"
  rw section .tiny.data              in "P1"
  rw section .tiny.noinit            in "P1"
  rw section .tiny.rodata            in "P1"
  rw section __DLIB_PERTHREAD        in "P2"
  section .eeprom.data               in "P6-P8"
  section .eeprom.noinit             in "P6-P8"
  section .eeprom.rodata             in "P6-P8"


  Section            Kind      Address    Size  Object
  -------            ----      -------    ----  ------
"A0":                                     0x10
  .vregs             uninit   0x000000    0x10  vregs.o [4]
                            - 0x000010    0x10

"P2", part 1 of 2:                        0x11
  P2-1                        0x000010    0x11  <Init block>
    .near.data       inited   0x000010     0x1  main.o [1]
    .near.data       inited   0x000011    0x10  main.o [1]
                            - 0x000021    0x11

"P2", part 2 of 2:                        0x44
  .near.bss          zero     0x000021    0x1d  main.o [1]
  .near.bss          zero     0x00003e     0xc  main.o [1]
  .near.bss          zero     0x00004a     0xb  main.o [1]
  .near.bss          zero     0x000055     0x4  main.o [1]
  .near.bss          zero     0x000059     0x2  main.o [1]
  .near.bss          zero     0x00005b     0x2  main.o [1]
  .near.bss          zero     0x00005d     0x2  main.o [1]
  .near.bss          zero     0x00005f     0x2  stm8s_it.o [1]
  .near.bss          zero     0x000061     0x1  main.o [1]
  .near.bss          zero     0x000062     0x1  main.o [1]
  .near.bss          zero     0x000063     0x1  main.o [1]
  .near.bss          zero     0x000064     0x1  stm8s_it.o [1]
                            - 0x000065    0x44

"A1":                                    0x100
  CSTACK                      0x000300   0x100  <Block>
    CSTACK           uninit   0x000300   0x100  <Block tail>
                            - 0x000400   0x100

"A2":                                     0x80
  INTVEC                      0x008000    0x80  <Block>
    .intvec          const    0x008000    0x80  interrupt.o [4]
                            - 0x008080    0x80

"P3-P5":                                0x1622
  .near_func.text    ro code  0x008080   0x3fc  float.o [4]
  .near_func.text    ro code  0x00847c   0x15c  stm8s_i2c.o [1]
  .near_func.text    ro code  0x0085d8   0x157  main.o [1]
  .near_func.text    ro code  0x00872f   0x12f  vreg_util.o [4]
  .near_func.text    ro code  0x00885e   0x110  long.o [4]
  .near_func.text    ro code  0x00896e    0xd1  main.o [1]
  .near_func.text    ro code  0x008a3f    0xbb  main.o [1]
  .near_func.text    ro code  0x008afa    0xa0  main.o [1]
  .near_func.text    ro code  0x008b9a    0x8a  main.o [1]
  .near_func.text    ro code  0x008c24    0x83  main.o [1]
  .near.rodata       const    0x008ca7    0x72  stm8s_i2c.o [1]
  .near_func.text    ro code  0x008d19    0x6c  main.o [1]
  .near_func.text    ro code  0x008d85    0x6a  main.o [1]
  .near_func.text    ro code  0x008def    0x5f  main.o [1]
  .near_func.text    ro code  0x008e4e    0x5a  short.o [4]
  .near_func.text    ro code  0x008ea8    0x53  main.o [1]
  .near_func.text    ro code  0x008efb    0x4a  main.o [1]
  .near_func.text    ro code  0x008f45    0x49  main.o [1]
  .near_func.text    ro code  0x008f8e    0x49  main.o [1]
  .near_func.text    ro code  0x008fd7    0x46  main.o [1]
  .near_func.text    ro code  0x00901d    0x44  main.o [1]
  .near_func.text    ro code  0x009061    0x42  main.o [1]
  .near_func.text    ro code  0x0090a3    0x3d  main.o [1]
  .near_func.text    ro code  0x0090e0    0x3d  main.o [1]
  .near_func.text    ro code  0x00911d    0x3a  main.o [1]
  .near_func.text    ro code  0x009157    0x35  main.o [1]
  .near_func.text    ro code  0x00918c    0x33  main.o [1]
  .near_func.text    ro code  0x0091bf    0x33  main.o [1]
  .near_func.text    ro code  0x0091f2    0x33  main.o [1]
  .near_func.text    ro code  0x009225    0x33  stm8s_i2c.o [1]
  .near_func.text    ro code  0x009258    0x32  main.o [1]
  .near_func.text    ro code  0x00928a    0x31  main.o [1]
  .near_func.text    ro code  0x0092bb    0x31  main.o [1]
  .near_func.text    ro code  0x0092ec    0x2f  main.o [1]
  .near_func.text    ro code  0x00931b    0x2b  main.o [1]
  .near_func.text    ro code  0x009346    0x29  main.o [1]
  .near_func.text    ro code  0x00936f    0x28  init_small.o [4]
  .near_func.text    ro code  0x009397    0x26  long_util.o [4]
  .near_func.text    ro code  0x0093bd    0x26  dc_util.o [4]
  .near_func.text    ro code  0x0093e3    0x23  main.o [1]
  .near_func.text    ro code  0x009406    0x23  system.o [1]
  .near_func.text    ro code  0x009429    0x22  stm8s_it.o [1]
  .iar.init_table    const    0x00944b    0x12  - Linker created -
  .near_func.text    ro code  0x00945d    0x1f  system.o [1]
  .near_func.text    ro code  0x00947c    0x1e  init_small.o [4]
  .near_func.text    ro code  0x00949a    0x1c  main.o [1]
  .near_func.text    ro code  0x0094b6    0x1c  timers_test.o [1]
  .near_func.text    ro code  0x0094d2    0x1a  main.o [1]
  .near_func.text    ro code  0x0094ec    0x16  main.o [1]
  .near_func.text    ro code  0x009502    0x16  memset.o [4]
  .near_func.text    ro code  0x009518    0x14  init.o [4]
  .near_func.text    ro code  0x00952c    0x14  __dbg_xxexit.o [3]
  .near_func.text    ro code  0x009540    0x13  cstartup.o [4]
  Initializer bytes  const    0x009553    0x11  <for P2-1>
  .near_func.text    ro code  0x009564     0xf  main.o [1]
  .near_func.text    ro code  0x009573     0xe  main.o [1]
  .near.rodata       const    0x009581     0xd  main.o [1]
  .near_func.text    ro code  0x00958e     0xd  main.o [1]
  .near_func.text    ro code  0x00959b     0xd  main.o [1]
  .near_func.text    ro code  0x0095a8     0xc  main.o [1]
  .near_func.text    ro code  0x0095b4     0xc  main.o [1]
  .near_func.text    ro code  0x0095c0     0xc  stm8s_it.o [1]
  .near_func.text    ro code  0x0095cc     0xb  stm8s_i2c.o [1]
  .near_func.text    ro code  0x0095d7     0xa  main.o [1]
  .near_func.text    ro code  0x0095e1     0xa  main.o [1]
  .near_func.text    ro code  0x0095eb     0xa  main.o [1]
  .near_func.text    ro code  0x0095f5     0xa  main.o [1]
  .near_func.text    ro code  0x0095ff     0x9  main.o [1]
  .near_func.text    ro code  0x009608     0x9  main.o [1]
  .near_func.text    ro code  0x009611     0x9  main.o [1]
  .near_func.text    ro code  0x00961a     0x9  main.o [1]
  .near_func.text    ro code  0x009623     0x9  main.o [1]
  .near_func.text    ro code  0x00962c     0x9  stm8s_i2c.o [1]
  .near_func.text    ro code  0x009635     0x8  main.o [1]
  .near_func.text    ro code  0x00963d     0x8  main.o [1]
  .near_func.text    ro code  0x009645     0x7  main.o [1]
  .near_func.text    ro code  0x00964c     0x7  main.o [1]
  .near_func.text    ro code  0x009653     0x7  main.o [1]
  .near_func.text    ro code  0x00965a     0x6  main.o [1]
  .near_func.text    ro code  0x009660     0x6  main.o [1]
  .near_func.text    ro code  0x009666     0x6  main.o [1]
  .near_func.text    ro code  0x00966c     0x6  main.o [1]
  .near_func.text    ro code  0x009672     0x5  cexit.o [4]
  .near_func.text    ro code  0x009677     0x4  main.o [1]
  .near.rodata       const    0x00967b     0x3  main.o [1]
  .near.rodata       const    0x00967e     0x3  main.o [1]
  .near_func.text    ro code  0x009681     0x3  interrupt.o [4]
  .near_func.text    ro code  0x009684     0x3  low_level_init.o [4]
  .near_func.text    ro code  0x009687     0x3  exit.o [4]
  .near_func.text    ro code  0x00968a     0x3  unhandled_exception.o [4]
  .near_func.text    ro code  0x00968d     0x2  main.o [1]
  .near_func.text    ro code  0x00968f     0x1  stm8s_it.o [1]
  .near_func.text    ro code  0x009690     0x1  stm8s_it.o [1]
  .near_func.text    ro code  0x009691     0x1  stm8s_it.o [1]
  .near_func.text    ro code  0x009692     0x1  stm8s_it.o [1]
  .near_func.text    ro code  0x009693     0x1  stm8s_it.o [1]
  .near_func.text    ro code  0x009694     0x1  stm8s_it.o [1]
  .near_func.text    ro code  0x009695     0x1  stm8s_it.o [1]
  .near_func.text    ro code  0x009696     0x1  stm8s_it.o [1]
  .near_func.text    ro code  0x009697     0x1  stm8s_it.o [1]
  .near_func.text    ro code  0x009698     0x1  stm8s_it.o [1]
  .near_func.text    ro code  0x009699     0x1  stm8s_it.o [1]
  .near_func.text    ro code  0x00969a     0x1  stm8s_it.o [1]
  .near_func.text    ro code  0x00969b     0x1  stm8s_it.o [1]
  .near_func.text    ro code  0x00969c     0x1  stm8s_it.o [1]
  .near_func.text    ro code  0x00969d     0x1  stm8s_it.o [1]
  .near_func.text    ro code  0x00969e     0x1  stm8s_it.o [1]
  .near_func.text    ro code  0x00969f     0x1  stm8s_it.o [1]
  .near_func.text    ro code  0x0096a0     0x1  stm8s_it.o [1]
  .near_func.text    ro code  0x0096a1     0x1  __dbg_break.o [3]
                            - 0x0096a2  0x1622


*******************************************************************************
*** INIT TABLE
***

          Address   Size
          -------   ----
Zero (__iar_zero_init2)
    1 destination range, total size 0x44:
          0x000021  0x44

Copy (__iar_copy_init2)
    1 source range, total size 0x11:
          0x009553  0x11
    1 destination range, total size 0x11:
          0x000010  0x11



*******************************************************************************
*** MODULE SUMMARY
***

    Module                 ro code  ro data  rw data
    ------                 -------  -------  -------
C:\Amit_Chaudhary\STM8\STM8S103F3P6\Cobe\STM8S103F3P6_CPP - Font in eeprom\IDE\Debug\Obj: [1]
    main.o                   2 991       36       82
    stm8s_i2c.o                419      114
    stm8s_it.o                  64                 3
    system.o                    66
    timers_test.o               28
    ------------------------------------------------
    Total:                   3 568      150       85

command line: [2]
    ------------------------------------------------
    Total:

dbgstm8smd.a: [3]
    __dbg_break.o                1
    __dbg_xxexit.o              20
    ------------------------------------------------
    Total:                      21

dlstm8smn.a: [4]
    cexit.o                      5
    cstartup.o                  19
    dc_util.o                   38
    exit.o                       3
    float.o                  1 020
    init.o                      20
    init_small.o                70
    interrupt.o                  3      128
    long.o                     272
    long_util.o                 38
    low_level_init.o             3
    memset.o                    22
    short.o                     90
    unhandled_exception.o        3
    vreg_util.o                303
    vregs.o                                       16
    ------------------------------------------------
    Total:                   1 909      128       16

    Linker created                       18      256
----------------------------------------------------
    Grand Total:             5 498      296      357


*******************************************************************************
*** ENTRY LIST
***

Entry                    Address   Size  Type      Object
-----                    -------   ----  ----      ------
.iar.init_table$$Base   0x00944b          --   Gb  - Linker created -
.iar.init_table$$Limit  0x00945d          --   Gb  - Linker created -
?and16_x_x_dw           0x008e95         Code  Gb  short.o [4]
?and16_x_x_w0           0x008e98         Code  Gb  short.o [4]
?b0                     0x000000         Data  Gb  vregs.o [4]
?b1                     0x000001         Data  Gb  vregs.o [4]
?b10                    0x00000a         Data  Gb  vregs.o [4]
?b11                    0x00000b         Data  Gb  vregs.o [4]
?b12                    0x00000c         Data  Gb  vregs.o [4]
?b13                    0x00000d         Data  Gb  vregs.o [4]
?b14                    0x00000e         Data  Gb  vregs.o [4]
?b15                    0x00000f         Data  Gb  vregs.o [4]
?b2                     0x000002         Data  Gb  vregs.o [4]
?b3                     0x000003         Data  Gb  vregs.o [4]
?b4                     0x000004         Data  Gb  vregs.o [4]
?b5                     0x000005         Data  Gb  vregs.o [4]
?b6                     0x000006         Data  Gb  vregs.o [4]
?b7                     0x000007         Data  Gb  vregs.o [4]
?b8                     0x000008         Data  Gb  vregs.o [4]
?b9                     0x000009         Data  Gb  vregs.o [4]
?dc16_w0                0x0093bd         Code  Gb  dc_util.o [4]
?dc32_l1                0x0093cb         Code  Gb  dc_util.o [4]
?dc32_px                0x0093d8         Code  Gb  dc_util.o [4]
?e0                     0x000001         Data  Gb  vregs.o [4]
?e1                     0x000005         Data  Gb  vregs.o [4]
?e2                     0x000009         Data  Gb  vregs.o [4]
?e3                     0x00000d         Data  Gb  vregs.o [4]
?epilogue_l2            0x0087b6         Code  Gb  vreg_util.o [4]
?epilogue_l2_l3         0x0087b3         Code  Gb  vreg_util.o [4]
?epilogue_l2_w6         0x0087ba         Code  Gb  vreg_util.o [4]
?epilogue_w4            0x0087c1         Code  Gb  vreg_util.o [4]
?fadd32_l0_l0_0x        0x0080a3         Code  Gb  float.o [4]
?fadd32_l0_l0_l1        0x0080a6         Code  Gb  float.o [4]
?fcastf32s16_l0_x       0x00832b         Code  Gb  float.o [4]
?fcasts16f32_x_l0       0x00834e         Code  Gb  float.o [4]
?fcmpge32_c_l0_0x       0x0082cc         Code  Gb  float.o [4]
?fcmpge32_c_l0_dc32     0x0082c7         Code  Gb  float.o [4]
?fcmplt32_c_l0_0x       0x0082d5         Code  Gb  float.o [4]
?fcmplt32_c_l0_dc32     0x0082d0         Code  Gb  float.o [4]
?fdiv32_l0_l0_dc32      0x008214         Code  Gb  float.o [4]
?fdiv32_l0_l0_l1        0x008219         Code  Gb  float.o [4]
?fmul32_l0_l0_dc32      0x008174         Code  Gb  float.o [4]
?fmul32_l0_l0_l1        0x008179         Code  Gb  float.o [4]
?fsub32_l0_l0_l1        0x00809d         Code  Gb  float.o [4]
?l0                     0x000000         Data  Gb  vregs.o [4]
?l1                     0x000004         Data  Gb  vregs.o [4]
?l2                     0x000008         Data  Gb  vregs.o [4]
?l3                     0x00000c         Data  Gb  vregs.o [4]
?load32_0x_l0           0x0093af         Code  Gb  long_util.o [4]
?load32_l0_0x           0x009397         Code  Gb  long_util.o [4]
?load32_l1_0x           0x0093a3         Code  Gb  long_util.o [4]
?mov_e0_e1              0x0087f9         Code  Gb  vreg_util.o [4]
?mov_e0_e2              0x008806         Code  Gb  vreg_util.o [4]
?mov_e0_e3              0x008813         Code  Gb  vreg_util.o [4]
?mov_e1_e0              0x008820         Code  Gb  vreg_util.o [4]
?mov_e1_e2              0x00882d         Code  Gb  vreg_util.o [4]
?mov_e2_e0              0x00883a         Code  Gb  vreg_util.o [4]
?mov_e2_e1              0x008847         Code  Gb  vreg_util.o [4]
?mov_e3_e0              0x008854         Code  Gb  vreg_util.o [4]
?mov_l0_l1              0x0087f6         Code  Gb  vreg_util.o [4]
?mov_l0_l2              0x008803         Code  Gb  vreg_util.o [4]
?mov_l0_l3              0x008810         Code  Gb  vreg_util.o [4]
?mov_l1_l0              0x00881d         Code  Gb  vreg_util.o [4]
?mov_l1_l2              0x00882a         Code  Gb  vreg_util.o [4]
?mov_l2_l0              0x008837         Code  Gb  vreg_util.o [4]
?mov_l2_l1              0x008844         Code  Gb  vreg_util.o [4]
?mov_l3_l0              0x008851         Code  Gb  vreg_util.o [4]
?mov_w0_w4              0x0087c5         Code  Gb  vreg_util.o [4]
?mov_w0_w6              0x0087cc         Code  Gb  vreg_util.o [4]
?mov_w0_w7              0x0087d3         Code  Gb  vreg_util.o [4]
?mov_w1_w3              0x0087fc         Code  Gb  vreg_util.o [4]
?mov_w1_w4              0x0087da         Code  Gb  vreg_util.o [4]
?mov_w1_w5              0x008809         Code  Gb  vreg_util.o [4]
?mov_w1_w7              0x008816         Code  Gb  vreg_util.o [4]
?mov_w2_w0              0x0087e1         Code  Gb  vreg_util.o [4]
?mov_w3_w1              0x008823         Code  Gb  vreg_util.o [4]
?mov_w3_w5              0x008830         Code  Gb  vreg_util.o [4]
?mov_w4_w0              0x0087e8         Code  Gb  vreg_util.o [4]
?mov_w5_w1              0x00883d         Code  Gb  vreg_util.o [4]
?mov_w5_w3              0x00884a         Code  Gb  vreg_util.o [4]
?mov_w7_w0              0x0087ef         Code  Gb  vreg_util.o [4]
?mov_w7_w1              0x008857         Code  Gb  vreg_util.o [4]
?mul16_x_x_w0           0x008e4e         Code  Gb  short.o [4]
?mul32_l0_l0_0x         0x008861         Code  Gb  long.o [4]
?mul32_l0_l0_dl         0x00885e         Code  Gb  long.o [4]
?mul32_l0_l0_l1         0x00886a         Code  Gb  long.o [4]
?pop_l2                 0x008795         Code  Gb  vreg_util.o [4]
?pop_l3                 0x0087a0         Code  Gb  vreg_util.o [4]
?pop_w0                 0x008751         Code  Gb  vreg_util.o [4]
?pop_w4                 0x008758         Code  Gb  vreg_util.o [4]
?pop_w6                 0x00875f         Code  Gb  vreg_util.o [4]
?push_l2                0x00876e         Code  Gb  vreg_util.o [4]
?push_l3                0x008773         Code  Gb  vreg_util.o [4]
?push_w0                0x00872f         Code  Gb  vreg_util.o [4]
?push_w4                0x008734         Code  Gb  vreg_util.o [4]
?push_w6                0x008739         Code  Gb  vreg_util.o [4]
?sdiv16_x_x_y           0x008e6c         Code  Gb  short.o [4]
?sll32_0x_0x_a          0x008960         Code  Gb  long.o [4]
?sll32_l0_l0_a          0x00895d         Code  Gb  long.o [4]
?smod16_y_x_y           0x008e85         Code  Gb  short.o [4]
?srl16_x_x_4            0x008ea3         Code  Gb  short.o [4]
?srl16_x_x_5            0x008ea2         Code  Gb  short.o [4]
?srl16_x_x_6            0x008ea1         Code  Gb  short.o [4]
?srl16_x_x_7            0x008ea0         Code  Gb  short.o [4]
?udiv32_l0_l0_dl        0x0088ed         Code  Gb  long.o [4]
?udiv32_l0_l0_l1        0x0088f0         Code  Gb  long.o [4]
?umod32_l1_l0_dl        0x0088e8         Code  Gb  long.o [4]
?umod32_l1_l0_l1        0x0088f0         Code  Gb  long.o [4]
?w0                     0x000000         Data  Gb  vregs.o [4]
?w1                     0x000002         Data  Gb  vregs.o [4]
?w2                     0x000004         Data  Gb  vregs.o [4]
?w3                     0x000006         Data  Gb  vregs.o [4]
?w4                     0x000008         Data  Gb  vregs.o [4]
?w5                     0x00000a         Data  Gb  vregs.o [4]
?w6                     0x00000c         Data  Gb  vregs.o [4]
?w7                     0x00000e         Data  Gb  vregs.o [4]
ADC1_IRQHandler()       0x00969f    0x1  Code  Gb  stm8s_it.o [1]
AWU_IRQHandler()        0x009691    0x1  Code  Gb  stm8s_it.o [1]
App::PowerMonitor<Devices::SSD1306<HAL::i2c::Master<HAL::i2c::MasterIntr<(HAL::i2c::i2c_t)21008, (HAL::i2c::Clk_t)400000>>, (unsigned char)120, (unsigned char)11, (unsigned char)18, (bool)1>, Devices::INA219<HAL::i2c::Master<HAL::i2c::MasterIntr<(HAL::i2c::i2c_t)21008, (HAL::i2c::Clk_t)400000>>, (unsigned char)128>, (App::font_t)0>::CaptureSamples()
                        0x0090e0   0x3d  Code  Gb  main.o [1]
App::PowerMonitor<Devices::SSD1306<HAL::i2c::Master<HAL::i2c::MasterIntr<(HAL::i2c::i2c_t)21008, (HAL::i2c::Clk_t)400000>>, (unsigned char)120, (unsigned char)11, (unsigned char)18, (bool)1>, Devices::INA219<HAL::i2c::Master<HAL::i2c::MasterIntr<(HAL::i2c::i2c_t)21008, (HAL::i2c::Clk_t)400000>>, (unsigned char)128>, (App::font_t)0>::CurrentSamples
                        0x000055    0x4  Data  Gb  main.o [1]
App::PowerMonitor<Devices::SSD1306<HAL::i2c::Master<HAL::i2c::MasterIntr<(HAL::i2c::i2c_t)21008, (HAL::i2c::Clk_t)400000>>, (unsigned char)120, (unsigned char)11, (unsigned char)18, (bool)1>, Devices::INA219<HAL::i2c::Master<HAL::i2c::MasterIntr<(HAL::i2c::i2c_t)21008, (HAL::i2c::Clk_t)400000>>, (unsigned char)128>, (App::font_t)0>::DispBuf
                        0x00004a    0xb  Data  Gb  main.o [1]
App::PowerMonitor<Devices::SSD1306<HAL::i2c::Master<HAL::i2c::MasterIntr<(HAL::i2c::i2c_t)21008, (HAL::i2c::Clk_t)400000>>, (unsigned char)120, (unsigned char)11, (unsigned char)18, (bool)1>, Devices::INA219<HAL::i2c::Master<HAL::i2c::MasterIntr<(HAL::i2c::i2c_t)21008, (HAL::i2c::Clk_t)400000>>, (unsigned char)128>, (App::font_t)0>::Init()
                        0x0092bb   0x31  Code  Gb  main.o [1]
App::PowerMonitor<Devices::SSD1306<HAL::i2c::Master<HAL::i2c::MasterIntr<(HAL::i2c::i2c_t)21008, (HAL::i2c::Clk_t)400000>>, (unsigned char)120, (unsigned char)11, (unsigned char)18, (bool)1>, Devices::INA219<HAL::i2c::Master<HAL::i2c::MasterIntr<(HAL::i2c::i2c_t)21008, (HAL::i2c::Clk_t)400000>>, (unsigned char)128>, (App::font_t)0>::Init()::string
                        0x009581    0xd  Data  Gb  main.o [1]
App::PowerMonitor<Devices::SSD1306<HAL::i2c::Master<HAL::i2c::MasterIntr<(HAL::i2c::i2c_t)21008, (HAL::i2c::Clk_t)400000>>, (unsigned char)120, (unsigned char)11, (unsigned char)18, (bool)1>, Devices::INA219<HAL::i2c::Master<HAL::i2c::MasterIntr<(HAL::i2c::i2c_t)21008, (HAL::i2c::Clk_t)400000>>, (unsigned char)128>, (App::font_t)0>::Init()::string (instance 2)
                        0x00967b    0x3  Data  Gb  main.o [1]
App::PowerMonitor<Devices::SSD1306<HAL::i2c::Master<HAL::i2c::MasterIntr<(HAL::i2c::i2c_t)21008, (HAL::i2c::Clk_t)400000>>, (unsigned char)120, (unsigned char)11, (unsigned char)18, (bool)1>, Devices::INA219<HAL::i2c::Master<HAL::i2c::MasterIntr<(HAL::i2c::i2c_t)21008, (HAL::i2c::Clk_t)400000>>, (unsigned char)128>, (App::font_t)0>::Init()::string (instance 3)
                        0x00967e    0x3  Data  Gb  main.o [1]
App::PowerMonitor<Devices::SSD1306<HAL::i2c::Master<HAL::i2c::MasterIntr<(HAL::i2c::i2c_t)21008, (HAL::i2c::Clk_t)400000>>, (unsigned char)120, (unsigned char)11, (unsigned char)18, (bool)1>, Devices::INA219<HAL::i2c::Master<HAL::i2c::MasterIntr<(HAL::i2c::i2c_t)21008, (HAL::i2c::Clk_t)400000>>, (unsigned char)128>, (App::font_t)0>::Power
                        0x00003e    0xc  Data  Gb  main.o [1]
App::PowerMonitor<Devices::SSD1306<HAL::i2c::Master<HAL::i2c::MasterIntr<(HAL::i2c::i2c_t)21008, (HAL::i2c::Clk_t)400000>>, (unsigned char)120, (unsigned char)11, (unsigned char)18, (bool)1>, Devices::INA219<HAL::i2c::Master<HAL::i2c::MasterIntr<(HAL::i2c::i2c_t)21008, (HAL::i2c::Clk_t)400000>>, (unsigned char)128>, (App::font_t)0>::Run()
                        0x00896e   0xd1  Code  Gb  main.o [1]
App::PowerMonitor<Devices::SSD1306<HAL::i2c::Master<HAL::i2c::MasterIntr<(HAL::i2c::i2c_t)21008, (HAL::i2c::Clk_t)400000>>, (unsigned char)120, (unsigned char)11, (unsigned char)18, (bool)1>, Devices::INA219<HAL::i2c::Master<HAL::i2c::MasterIntr<(HAL::i2c::i2c_t)21008, (HAL::i2c::Clk_t)400000>>, (unsigned char)128>, (App::font_t)0>::RunLoop
                        0x000010    0x1  Data  Gb  main.o [1]
App::PowerMonitor<Devices::SSD1306<HAL::i2c::Master<HAL::i2c::MasterIntr<(HAL::i2c::i2c_t)21008, (HAL::i2c::Clk_t)400000>>, (unsigned char)120, (unsigned char)11, (unsigned char)18, (bool)1>, Devices::INA219<HAL::i2c::Master<HAL::i2c::MasterIntr<(HAL::i2c::i2c_t)21008, (HAL::i2c::Clk_t)400000>>, (unsigned char)128>, (App::font_t)0>::SampleCount
                        0x000063    0x1  Data  Gb  main.o [1]
App::PowerMonitor<Devices::SSD1306<HAL::i2c::Master<HAL::i2c::MasterIntr<(HAL::i2c::i2c_t)21008, (HAL::i2c::Clk_t)400000>>, (unsigned char)120, (unsigned char)11, (unsigned char)18, (bool)1>, Devices::INA219<HAL::i2c::Master<HAL::i2c::MasterIntr<(HAL::i2c::i2c_t)21008, (HAL::i2c::Clk_t)400000>>, (unsigned char)128>, (App::font_t)0>::Seconds
                        0x00005d    0x2  Data  Gb  main.o [1]
App::PowerMonitor<Devices::SSD1306<HAL::i2c::Master<HAL::i2c::MasterIntr<(HAL::i2c::i2c_t)21008, (HAL::i2c::Clk_t)400000>>, (unsigned char)120, (unsigned char)11, (unsigned char)18, (bool)1>, Devices::INA219<HAL::i2c::Master<HAL::i2c::MasterIntr<(HAL::i2c::i2c_t)21008, (HAL::i2c::Clk_t)400000>>, (unsigned char)128>, (App::font_t)0>::UpdateClock()
                        0x0092ec   0x2f  Code  Gb  main.o [1]
CLK_IRQHandler()        0x009692    0x1  Code  Gb  stm8s_it.o [1]
CSTACK$$Base            0x000300          --   Gb  - Linker created -
CSTACK$$Limit           0x000400          --   Gb  - Linker created -
Devices::AT24Cxx<HAL::i2c::Master<HAL::i2c::MasterIntr<(HAL::i2c::i2c_t)21008, (HAL::i2c::Clk_t)400000>>, (unsigned char)160, (unsigned long)16384, (unsigned char)64>::Read_Write(unsigned short, unsigned char __near *, unsigned short, unsigned char)
                        0x008afa   0xa0  Code  Gb  main.o [1]
Devices::AT24Cxx<HAL::i2c::Master<HAL::i2c::MasterIntr<(HAL::i2c::i2c_t)21008, (HAL::i2c::Clk_t)400000>>, (unsigned char)160, (unsigned long)16384, (unsigned char)64>::page_Write(unsigned short, unsigned char __near *, unsigned char)
                        0x009157   0x35  Code  Gb  main.o [1]
Devices::INA219<HAL::i2c::Master<HAL::i2c::MasterIntr<(HAL::i2c::i2c_t)21008, (HAL::i2c::Clk_t)400000>>, (unsigned char)128>::GetCurrent_mA()
                        0x00931b   0x2b  Code  Gb  main.o [1]
Devices::INA219<HAL::i2c::Master<HAL::i2c::MasterIntr<(HAL::i2c::i2c_t)21008, (HAL::i2c::Clk_t)400000>>, (unsigned char)128>::GetCurrent_raw()
                        0x00959b    0xd  Code  Gb  main.o [1]
Devices::INA219<HAL::i2c::Master<HAL::i2c::MasterIntr<(HAL::i2c::i2c_t)21008, (HAL::i2c::Clk_t)400000>>, (unsigned char)128>::ReadRegister(unsigned char)
                        0x00928a   0x31  Code  Gb  main.o [1]
Devices::INA219<HAL::i2c::Master<HAL::i2c::MasterIntr<(HAL::i2c::i2c_t)21008, (HAL::i2c::Clk_t)400000>>, (unsigned char)128>::SetCalibration_16V_400mA()
                        0x009061   0x42  Code  Gb  main.o [1]
Devices::INA219<HAL::i2c::Master<HAL::i2c::MasterIntr<(HAL::i2c::i2c_t)21008, (HAL::i2c::Clk_t)400000>>, (unsigned char)128>::SetCalibration_32V_2A()
                        0x00901d   0x44  Code  Gb  main.o [1]
Devices::INA219<HAL::i2c::Master<HAL::i2c::MasterIntr<(HAL::i2c::i2c_t)21008, (HAL::i2c::Clk_t)400000>>, (unsigned char)128>::WriteRegister(unsigned char, unsigned short)
                        0x00949a   0x1c  Code  Gb  main.o [1]
Devices::INA219<HAL::i2c::Master<HAL::i2c::MasterIntr<(HAL::i2c::i2c_t)21008, (HAL::i2c::Clk_t)400000>>, (unsigned char)128>::ina219_calValue
                        0x000059    0x2  Data  Gb  main.o [1]
Devices::INA219<HAL::i2c::Master<HAL::i2c::MasterIntr<(HAL::i2c::i2c_t)21008, (HAL::i2c::Clk_t)400000>>, (unsigned char)128>::ina219_powerDivider_mW
                        0x00005b    0x2  Data  Gb  main.o [1]
Devices::INA219<HAL::i2c::Master<HAL::i2c::MasterIntr<(HAL::i2c::i2c_t)21008, (HAL::i2c::Clk_t)400000>>, (unsigned char)128>::mode
                        0x000062    0x1  Data  Gb  main.o [1]
Devices::RotaryEncoder<RotApp, (HAL::Gpio::Port_t)20495, (HAL::Gpio::Pin_t)16, (HAL::Gpio::Port_t)20495, (HAL::Gpio::Pin_t)32, (HAL::Gpio::Port_t)20495, (HAL::Gpio::Pin_t)64>::Event
                        0x000064    0x1  Data  Gb  stm8s_it.o [1]
Devices::SSD1306<HAL::i2c::Master<HAL::i2c::MasterIntr<(HAL::i2c::i2c_t)21008, (HAL::i2c::Clk_t)400000>>, (unsigned char)120, (unsigned char)11, (unsigned char)18, (bool)1>::Fill(unsigned char)
                        0x008ea8   0x53  Code  Gb  main.o [1]
Devices::SSD1306<HAL::i2c::Master<HAL::i2c::MasterIntr<(HAL::i2c::i2c_t)21008, (HAL::i2c::Clk_t)400000>>, (unsigned char)120, (unsigned char)11, (unsigned char)18, (bool)1>::HwInit()
                        0x0085d8  0x157  Code  Gb  main.o [1]
Devices::SSD1306<HAL::i2c::Master<HAL::i2c::MasterIntr<(HAL::i2c::i2c_t)21008, (HAL::i2c::Clk_t)400000>>, (unsigned char)120, (unsigned char)11, (unsigned char)18, (bool)1>::I2C_Write(unsigned char, unsigned char)
                        0x0094d2   0x1a  Code  Gb  main.o [1]
Devices::SSD1306<HAL::i2c::Master<HAL::i2c::MasterIntr<(HAL::i2c::i2c_t)21008, (HAL::i2c::Clk_t)400000>>, (unsigned char)120, (unsigned char)11, (unsigned char)18, (bool)1>::Putc_from_eeprom(char, unsigned char, unsigned char)
                        0x009258   0x32  Code  Gb  main.o [1]
Devices::SSD1306<HAL::i2c::Master<HAL::i2c::MasterIntr<(HAL::i2c::i2c_t)21008, (HAL::i2c::Clk_t)400000>>, (unsigned char)120, (unsigned char)11, (unsigned char)18, (bool)1>::Puts(char __near *, unsigned char, unsigned char, unsigned char)
                        0x0091bf   0x33  Code  Gb  main.o [1]
Devices::SSD1306<HAL::i2c::Master<HAL::i2c::MasterIntr<(HAL::i2c::i2c_t)21008, (HAL::i2c::Clk_t)400000>>, (unsigned char)120, (unsigned char)11, (unsigned char)18, (bool)1>::ScreenBuffer
                        0x000021   0x1d  Data  Gb  main.o [1]
Devices::SSD1306<HAL::i2c::Master<HAL::i2c::MasterIntr<(HAL::i2c::i2c_t)21008, (HAL::i2c::Clk_t)400000>>, (unsigned char)120, (unsigned char)11, (unsigned char)18, (bool)1>::UpdateScreen(unsigned char, unsigned char)
                        0x008f8e   0x49  Code  Gb  main.o [1]
EEPROM_EEC_IRQHandler()
                        0x0096a0    0x1  Code  Gb  stm8s_it.o [1]
EXTI_PORTA_IRQHandler()
                        0x009693    0x1  Code  Gb  stm8s_it.o [1]
EXTI_PORTB_IRQHandler()
                        0x009694    0x1  Code  Gb  stm8s_it.o [1]
EXTI_PORTC_IRQHandler()
                        0x009695    0x1  Code  Gb  stm8s_it.o [1]
EXTI_PORTD_IRQHandler()
                        0x009429   0x22  Code  Gb  stm8s_it.o [1]
EXTI_PORTE_IRQHandler()
                        0x009696    0x1  Code  Gb  stm8s_it.o [1]
HAL::Gpio::SetOutputMode(HAL::Gpio::Port_t, HAL::Gpio::Pin_t, HAL::Gpio::Mode_t)
                        0x008def   0x5f  Code  Gb  main.o [1]
HAL::gpt4<(HAL::gpt4_tick_t)6, (unsigned char)249, (unsigned char)0>::HwInit()
                        0x0094b6   0x1c  Code  Gb  timers_test.o [1]
HAL::gpt4<(HAL::gpt4_tick_t)6, (unsigned char)249, (unsigned char)0>::Ticks
                        0x00005f    0x2  Data  Gb  stm8s_it.o [1]
HAL::i2c::Poll<(HAL::i2c::i2c_t)21008, (HAL::i2c::Clk_t)400000>::HwInit()
                        0x008fd7   0x46  Code  Gb  main.o [1]
HAL::i2c::Poll<(HAL::i2c::i2c_t)21008, (HAL::i2c::Clk_t)400000>::Rx(unsigned char, unsigned char __near *, unsigned char, unsigned char)
                        0x008a3f   0xbb  Code  Gb  main.o [1]
HAL::i2c::Poll<(HAL::i2c::i2c_t)21008, (HAL::i2c::Clk_t)400000>::SendSlaveAddress(unsigned char, unsigned char)
                        0x008d85   0x6a  Code  Gb  main.o [1]
HAL::i2c::Poll<(HAL::i2c::i2c_t)21008, (HAL::i2c::Clk_t)400000>::Tx(unsigned char __near *, unsigned short)
                        0x0090a3   0x3d  Code  Gb  main.o [1]
HAL::i2c::Poll<(HAL::i2c::i2c_t)21008, (HAL::i2c::Clk_t)400000>::Tx(unsigned char, unsigned char __near *, unsigned short, unsigned char)
                        0x008f45   0x49  Code  Gb  main.o [1]
HAL::i2c::Poll<(HAL::i2c::i2c_t)21008, (HAL::i2c::Clk_t)400000>::m_State
                        0x000061    0x1  Data  Gb  main.o [1]
I2C_AcknowledgeConfig(I2C_Ack_TypeDef)
                        0x009225   0x33  Code  Gb  stm8s_i2c.o [1]
I2C_IRQHandler()        0x00969e    0x1  Code  Gb  stm8s_it.o [1]
I2C_Init(unsigned long, unsigned short, I2C_DutyCycle_TypeDef, I2C_Ack_TypeDef, I2C_AddMode_TypeDef, unsigned char)
                        0x00847c  0x15c  Code  Gb  stm8s_i2c.o [1]
INTVEC$$Base            0x008000          --   Gb  - Linker created -
INTVEC$$Limit           0x008080          --   Gb  - Linker created -
Region$$Table$$Base     0x00944b          --   Gb  - Linker created -
Region$$Table$$Limit    0x00945d          --   Gb  - Linker created -
SPI_IRQHandler()        0x009697    0x1  Code  Gb  stm8s_it.o [1]
TIM1_CAP_COM_IRQHandler()
                        0x009699    0x1  Code  Gb  stm8s_it.o [1]
TIM1_UPD_OVF_TRG_BRK_IRQHandler()
                        0x009698    0x1  Code  Gb  stm8s_it.o [1]
TIM2_CAP_COM_IRQHandler()
                        0x00969b    0x1  Code  Gb  stm8s_it.o [1]
TIM2_UPD_OVF_BRK_IRQHandler()
                        0x00969a    0x1  Code  Gb  stm8s_it.o [1]
TIM4_UPD_OVF_IRQHandler()
                        0x0095c0    0xc  Code  Gb  stm8s_it.o [1]
TLI_IRQHandler()        0x009690    0x1  Code  Gb  stm8s_it.o [1]
TRAP_IRQHandler()       0x00968f    0x1  Code  Gb  stm8s_it.o [1]
UART1_RX_IRQHandler()   0x00969d    0x1  Code  Gb  stm8s_it.o [1]
UART1_TX_IRQHandler()   0x00969c    0x1  Code  Gb  stm8s_it.o [1]
Utils::CountertoTime(unsigned long, char __near *)
                        0x008c24   0x83  Code  Gb  main.o [1]
Utils::ftoa(float, char __near *, int, char)
                        0x008b9a   0x8a  Code  Lc  main.o [1]
Utils::intToStr(int, char __near *, int)
                        0x009346   0x29  Code  Lc  main.o [1]
Utils::intToStr(int, char __near *, int, char)
                        0x00918c   0x33  Code  Lc  main.o [1]
Utils::power(int, unsigned int)
                        0x008efb   0x39  Code  Lc  main.o [1]
Utils::reverse(char __near *, int)
                        0x00911d   0x3a  Code  Lc  main.o [1]
WaitOnFlag(unsigned char volatile __near *, unsigned char, unsigned char, unsigned short)
                        0x009406   0x23  Code  Gb  system.o [1]
__DebugBreak            0x0096a1    0x1  Code  Gb  __dbg_break.o [3]
__exit                  0x00952c   0x14  Code  Gb  __dbg_xxexit.o [3]
__iar_copy_init2        0x00936f         Code  Gb  init_small.o [4]
__iar_data_init2        0x009518   0x14  Code  Gb  init.o [4]
__iar_program_start     0x009540         Code  Gb  cstartup.o [4]
__iar_unhandled_exception
                        0x00968a         Code  Gb  unhandled_exception.o [4]
__iar_zero_init2        0x00947c         Code  Gb  init_small.o [4]
__intvec                0x008000         Data  Gb  interrupt.o [4]
__low_level_init        0x009684    0x3  Code  Gb  low_level_init.o [4]
_exit                   0x009672         Code  Gb  cexit.o [4]
_interrupt_1            0x00968f         Code  Gb  stm8s_it.o [1]
_interrupt_12           0x009697         Code  Gb  stm8s_it.o [1]
_interrupt_13           0x009698         Code  Gb  stm8s_it.o [1]
_interrupt_14           0x009699         Code  Gb  stm8s_it.o [1]
_interrupt_15           0x00969a         Code  Gb  stm8s_it.o [1]
_interrupt_16           0x00969b         Code  Gb  stm8s_it.o [1]
_interrupt_19           0x00969c         Code  Gb  stm8s_it.o [1]
_interrupt_2            0x009690         Code  Gb  stm8s_it.o [1]
_interrupt_20           0x00969d         Code  Gb  stm8s_it.o [1]
_interrupt_21           0x00969e         Code  Gb  stm8s_it.o [1]
_interrupt_24           0x00969f         Code  Gb  stm8s_it.o [1]
_interrupt_25           0x0095c0         Code  Gb  stm8s_it.o [1]
_interrupt_26           0x0096a0         Code  Gb  stm8s_it.o [1]
_interrupt_3            0x009691         Code  Gb  stm8s_it.o [1]
_interrupt_4            0x009692         Code  Gb  stm8s_it.o [1]
_interrupt_5            0x009693         Code  Gb  stm8s_it.o [1]
_interrupt_6            0x009694         Code  Gb  stm8s_it.o [1]
_interrupt_7            0x009695         Code  Gb  stm8s_it.o [1]
_interrupt_8            0x009429         Code  Gb  stm8s_it.o [1]
_interrupt_9            0x009696         Code  Gb  stm8s_it.o [1]
assert_failed(unsigned char __near *, unsigned long)
                        0x00968d    0x2  Code  Gb  main.o [1]
delay_ms(unsigned int)  0x00945d   0x1f  Code  Gb  system.o [1]
exit                    0x009687    0x3  Code  Gb  exit.o [4]
main                    0x0091f2   0x33  Code  Gb  main.o [1]
memset                  0x009502   0x16  Code  Gb  memset.o [4]
platform::SoftwareTimers<HAL::gpt4<(HAL::gpt4_tick_t)6, (unsigned char)249, (unsigned char)0>, (unsigned char)3>::Run()
                        0x008d19   0x6c  Code  Gb  main.o [1]
platform::SoftwareTimers<HAL::gpt4<(HAL::gpt4_tick_t)6, (unsigned char)249, (unsigned char)0>, (unsigned char)3>::Timers
                        0x000011   0x10  Data  Gb  main.o [1]
unsigned char const & min<unsigned char>(unsigned char const &, unsigned char const &)
                        0x009645    0x7  Code  Gb  main.o [1]


[1] = C:\Amit_Chaudhary\STM8\STM8S103F3P6\Cobe\STM8S103F3P6_CPP - Font in eeprom\IDE\Debug\Obj
[2] = command line
[3] = dbgstm8smd.a
[4] = dlstm8smn.a

  5 498 bytes of readonly  code memory
    296 bytes of readonly  data memory
    357 bytes of readwrite data memory

Errors: none
Warnings: none
