###############################################################################
#
# IAR ELF Linker V3.11.1.207 for STM8                     26/Aug/2021  11:43:51
# Copyright 2010-2019 IAR Systems AB.
#
#    Output file  =  
#        C:\Amit_Chaudhary\STM8\STM8S103F3P6\Cobe\STM8S103F3P6_CPP
#        -I2C_Cmmon\IDE\Debug\Exe\STM8S103F3P6_CPP.out
#    Map file     =  
#        C:\Amit_Chaudhary\STM8\STM8S103F3P6\Cobe\STM8S103F3P6_CPP
#        -I2C_Cmmon\IDE\Debug\List\STM8S103F3P6_CPP.map
#    Command line =  
#        -f C:\Users\AMITCH~1\AppData\Local\Temp\EW2DDC.tmp
#        ("C:\Amit_Chaudhary\STM8\STM8S103F3P6\Cobe\STM8S103F3P6_CPP
#        -I2C_Cmmon\IDE\Debug\Obj\fonts.o"
#        "C:\Amit_Chaudhary\STM8\STM8S103F3P6\Cobe\STM8S103F3P6_CPP
#        -I2C_Cmmon\IDE\Debug\Obj\gpio_tests.o"
#        "C:\Amit_Chaudhary\STM8\STM8S103F3P6\Cobe\STM8S103F3P6_CPP
#        -I2C_Cmmon\IDE\Debug\Obj\HAL_Objects.o"
#        "C:\Amit_Chaudhary\STM8\STM8S103F3P6\Cobe\STM8S103F3P6_CPP
#        -I2C_Cmmon\IDE\Debug\Obj\main.o"
#        "C:\Amit_Chaudhary\STM8\STM8S103F3P6\Cobe\STM8S103F3P6_CPP
#        -I2C_Cmmon\IDE\Debug\Obj\RTF.o"
#        "C:\Amit_Chaudhary\STM8\STM8S103F3P6\Cobe\STM8S103F3P6_CPP
#        -I2C_Cmmon\IDE\Debug\Obj\stm8s_adc1.o"
#        "C:\Amit_Chaudhary\STM8\STM8S103F3P6\Cobe\STM8S103F3P6_CPP
#        -I2C_Cmmon\IDE\Debug\Obj\stm8s_i2c.o"
#        "C:\Amit_Chaudhary\STM8\STM8S103F3P6\Cobe\STM8S103F3P6_CPP
#        -I2C_Cmmon\IDE\Debug\Obj\stm8s_it.o"
#        "C:\Amit_Chaudhary\STM8\STM8S103F3P6\Cobe\STM8S103F3P6_CPP
#        -I2C_Cmmon\IDE\Debug\Obj\stm8s_spi.o"
#        "C:\Amit_Chaudhary\STM8\STM8S103F3P6\Cobe\STM8S103F3P6_CPP
#        -I2C_Cmmon\IDE\Debug\Obj\stm8s_tim1.o"
#        "C:\Amit_Chaudhary\STM8\STM8S103F3P6\Cobe\STM8S103F3P6_CPP
#        -I2C_Cmmon\IDE\Debug\Obj\stm8s_tim2.o"
#        "C:\Amit_Chaudhary\STM8\STM8S103F3P6\Cobe\STM8S103F3P6_CPP
#        -I2C_Cmmon\IDE\Debug\Obj\system.o"
#        "C:\Amit_Chaudhary\STM8\STM8S103F3P6\Cobe\STM8S103F3P6_CPP
#        -I2C_Cmmon\IDE\Debug\Obj\timers_test.o" --redirect
#        _Printf=_PrintfFullNoMb --redirect _Scanf=_ScanfFullNoMb
#        --no_out_extension -o
#        "C:\Amit_Chaudhary\STM8\STM8S103F3P6\Cobe\STM8S103F3P6_CPP
#        -I2C_Cmmon\IDE\Debug\Exe\STM8S103F3P6_CPP.out" --map
#        "C:\Amit_Chaudhary\STM8\STM8S103F3P6\Cobe\STM8S103F3P6_CPP
#        -I2C_Cmmon\IDE\Debug\List\STM8S103F3P6_CPP.map" --config "C:\Program
#        Files (x86)\IAR Systems\Embedded Workbench
#        8.3\stm8\config\lnkstm8s103f3.icf" --config_def _CSTACK_SIZE=0x100
#        --config_def _HEAP_SIZE=0x100 --entry __iar_program_start --debug_lib)
#
###############################################################################

*******************************************************************************
*** RUNTIME MODEL ATTRIBUTES
***

__SystemLibrary            = DLib
__code_model               = small
__core                     = stm8
__data_model               = medium
__dlib_file_descriptor     = 0
__dlib_full_locale_support = 0
__rt_version               = 4


*******************************************************************************
*** PLACEMENT SUMMARY
***

"A0":  place at start of [0x000000-0x0000ff] { rw section .vregs };
"A1":  place at end of [0x000000-0x0003ff] { block CSTACK };
"P2":  place in [from 0x000000 to 0x0003ff] {
          block HEAP, rw section __DLIB_PERTHREAD, rw section .far.bss,
          rw section .far.data, rw section .far.noinit,
          rw section .far_func.textrw, rw section .huge.bss,
          rw section .huge.data, rw section .huge.noinit,
          rw section .huge_func.textrw, rw section .iar.dynexit,
          rw section .near.bss, rw section .near.data, rw section .near.noinit,
          rw section .near_func.textrw };
"A2":  place at start of [0x008000-0x009fff] { block INTVEC };
"P3":  place in [from 0x008000 to 0x009fff] {
          ro section __DLIB_PERTHREAD_init, ro section .far.data_init,
          ro section .far_func.textrw_init, ro section .huge.data_init,
          ro section .huge_func.textrw_init, ro section .iar.init_table,
          ro section .init_array, ro section .near.data_init,
          ro section .near.rodata, ro section .near_func.text,
          ro section .near_func.textrw_init, ro section .tiny.data_init,
          ro section .tiny.rodata_init };
"P4":  place in [from 0x008000 to 0x009fff] {
          ro section .far.rodata, ro section .far_func.text };
"P5":  place in [from 0x008000 to 0x009fff] {
          ro section .huge.rodata, ro section .huge_func.text };
do not initialize {
   rw section .eeprom.noinit, rw section .far.noinit, rw section .huge.noinit,
   rw section .near.noinit, rw section .tiny.noinit, rw section .vregs };
initialize by copy {
   rw section .far.bss, rw section .far.data, rw section .far_func.textrw,
   rw section .huge.bss, rw section .huge.data, rw section .huge_func.textrw,
   rw section .iar.dynexit, rw section .near.bss, rw section .near.data,
   rw section .near_func.textrw, rw section .tiny.bss, rw section .tiny.data,
   ro section .tiny.rodata };

No sections matched the following patterns:

  ro section .far.data_init          in "P3-P5"
  ro section .far.rodata             in "P3-P5"
  ro section .far_func.text          in "P3-P5"
  ro section .far_func.textrw_init   in "P3-P5"
  ro section .huge.data_init         in "P3-P5"
  ro section .huge.rodata            in "P3-P5"
  ro section .huge_func.text         in "P3-P5"
  ro section .huge_func.textrw_init  in "P3-P5"
  ro section .iar.init_table         in "P3-P5"
  ro section .init_array             in "P3-P5"
  ro section .near_func.textrw_init  in "P3-P5"
  ro section .tiny.data_init         in "P3-P5"
  ro section .tiny.rodata_init       in "P3-P5"
  ro section __DLIB_PERTHREAD_init   in "P3-P5"
  rw section .far.bss                in "P2"
  rw section .far.data               in "P2"
  rw section .far.noinit             in "P2"
  rw section .far_func.textrw        in "P2"
  rw section .huge.bss               in "P2"
  rw section .huge.data              in "P2"
  rw section .huge.noinit            in "P2"
  rw section .huge_func.textrw       in "P2"
  rw section .iar.dynexit            in "P2"
  rw section .near.noinit            in "P2"
  rw section .near_func.textrw       in "P2"
  rw section .tiny.bss               in "P1"
  rw section .tiny.data              in "P1"
  rw section .tiny.noinit            in "P1"
  rw section .tiny.rodata            in "P1"
  rw section __DLIB_PERTHREAD        in "P2"
  section .eeprom.data               in "P6-P8"
  section .eeprom.noinit             in "P6-P8"
  section .eeprom.rodata             in "P6-P8"


  Section            Kind      Address    Size  Object
  -------            ----      -------    ----  ------
"A0":                                     0x10
  .vregs             uninit   0x000000    0x10  vregs.o [4]
                            - 0x000010    0x10

"P2", part 1 of 2:                        0x12
  P2-1                        0x000010    0x12  <Init block>
    .near.data       inited   0x000010     0x1  main.o [1]
    .near.data       inited   0x000011     0x1  main.o [1]
    .near.data       inited   0x000012    0x10  main.o [1]
                            - 0x000022    0x12

"P2", part 2 of 2:                        0x66
  .near.bss          zero     0x000022    0x3a  main.o [1]
  .near.bss          zero     0x00005c     0xc  main.o [1]
  .near.bss          zero     0x000068     0xb  main.o [1]
  .near.bss          zero     0x000073     0x4  main.o [1]
  .near.bss          zero     0x000077     0x2  main.o [1]
  .near.bss          zero     0x000079     0x2  main.o [1]
  .near.bss          zero     0x00007b     0x2  main.o [1]
  .near.bss          zero     0x00007d     0x2  main.o [1]
  .near.bss          zero     0x00007f     0x2  stm8s_it.o [1]
  .near.bss          zero     0x000081     0x1  main.o [1]
  .near.bss          zero     0x000082     0x1  main.o [1]
  .near.bss          zero     0x000083     0x1  main.o [1]
  .near.bss          zero     0x000084     0x1  main.o [1]
  .near.bss          zero     0x000085     0x1  main.o [1]
  .near.bss          zero     0x000086     0x1  main.o [1]
  .near.bss          zero     0x000087     0x1  stm8s_it.o [1]
                            - 0x000088    0x66

"A1":                                    0x100
  CSTACK                      0x000300   0x100  <Block>
    CSTACK           uninit   0x000300   0x100  <Block tail>
                            - 0x000400   0x100

"A2":                                     0x80
  INTVEC                      0x008000    0x80  <Block>
    .intvec          const    0x008000    0x80  interrupt.o [4]
                            - 0x008080    0x80

"P3-P5":                                0x1784
  .near_func.text    ro code  0x008080   0x3fc  float.o [4]
  .near_func.text    ro code  0x00847c   0x182  main.o [1]
  .near_func.text    ro code  0x0085fe   0x15c  stm8s_i2c.o [1]
  .near_func.text    ro code  0x00875a   0x136  vreg_util.o [4]
  .near_func.text    ro code  0x008890   0x110  long.o [4]
  .near_func.text    ro code  0x0089a0   0x10b  main.o [1]
  .near_func.text    ro code  0x008aab    0xbb  main.o [1]
  .near_func.text    ro code  0x008b66    0xa0  main.o [1]
  .near_func.text    ro code  0x008c06    0x8a  main.o [1]
  .near_func.text    ro code  0x008c90    0x83  main.o [1]
  .near.rodata       const    0x008d13    0x6c  stm8s_i2c.o [1]
  .near_func.text    ro code  0x008d7f    0x6c  main.o [1]
  .near_func.text    ro code  0x008deb    0x6a  main.o [1]
  .near_func.text    ro code  0x008e55    0x5f  main.o [1]
  .near_func.text    ro code  0x008eb4    0x5a  short.o [4]
  .near_func.text    ro code  0x008f0e    0x58  main.o [1]
  .near_func.text    ro code  0x008f66    0x53  main.o [1]
  .near_func.text    ro code  0x008fb9    0x4e  timers_test.o [1]
  .near_func.text    ro code  0x009007    0x4c  main.o [1]
  .near_func.text    ro code  0x009053    0x4a  main.o [1]
  .near_func.text    ro code  0x00909d    0x49  main.o [1]
  .near_func.text    ro code  0x0090e6    0x46  main.o [1]
  .near_func.text    ro code  0x00912c    0x44  main.o [1]
  .near_func.text    ro code  0x009170    0x42  main.o [1]
  .near_func.text    ro code  0x0091b2    0x42  main.o [1]
  .near_func.text    ro code  0x0091f4    0x3d  main.o [1]
  .near_func.text    ro code  0x009231    0x3d  main.o [1]
  .near_func.text    ro code  0x00926e    0x3a  main.o [1]
  .near_func.text    ro code  0x0092a8    0x35  main.o [1]
  .near_func.text    ro code  0x0092dd    0x34  main.o [1]
  .near_func.text    ro code  0x009311    0x33  main.o [1]
  .near_func.text    ro code  0x009344    0x33  main.o [1]
  .near_func.text    ro code  0x009377    0x33  stm8s_i2c.o [1]
  .near_func.text    ro code  0x0093aa    0x31  main.o [1]
  .near_func.text    ro code  0x0093db    0x30  main.o [1]
  .near_func.text    ro code  0x00940b    0x2b  main.o [1]
  .near_func.text    ro code  0x009436    0x29  main.o [1]
  .near_func.text    ro code  0x00945f    0x28  main.o [1]
  .near_func.text    ro code  0x009487    0x28  init_small.o [4]
  .near_func.text    ro code  0x0094af    0x26  long_util.o [4]
  .near_func.text    ro code  0x0094d5    0x26  dc_util.o [4]
  .near_func.text    ro code  0x0094fb    0x23  main.o [1]
  .near_func.text    ro code  0x00951e    0x23  system.o [1]
  .near_func.text    ro code  0x009541    0x22  main.o [1]
  .near_func.text    ro code  0x009563    0x22  stm8s_it.o [1]
  .iar.init_table    const    0x009585    0x12  - Linker created -
  .near_func.text    ro code  0x009597    0x1f  system.o [1]
  .near_func.text    ro code  0x0095b6    0x1e  init_small.o [4]
  .near_func.text    ro code  0x0095d4    0x1c  main.o [1]
  .near_func.text    ro code  0x0095f0    0x1c  timers_test.o [1]
  .near_func.text    ro code  0x00960c    0x1a  main.o [1]
  .near_func.text    ro code  0x009626    0x1a  main.o [1]
  .near_func.text    ro code  0x009640    0x16  memset.o [4]
  .near_func.text    ro code  0x009656    0x14  init.o [4]
  .near_func.text    ro code  0x00966a    0x14  __dbg_xxexit.o [3]
  .near_func.text    ro code  0x00967e    0x13  cstartup.o [4]
  Initializer bytes  const    0x009691    0x12  <for P2-1>
  .near_func.text    ro code  0x0096a3    0x10  main.o [1]
  .near_func.text    ro code  0x0096b3     0xf  main.o [1]
  .near_func.text    ro code  0x0096c2     0xe  main.o [1]
  .near_func.text    ro code  0x0096d0     0xe  main.o [1]
  .near.rodata       const    0x0096de     0xd  main.o [1]
  .near_func.text    ro code  0x0096eb     0xd  main.o [1]
  .near_func.text    ro code  0x0096f8     0xd  main.o [1]
  .near_func.text    ro code  0x009705     0xc  main.o [1]
  .near_func.text    ro code  0x009711     0xc  main.o [1]
  .near_func.text    ro code  0x00971d     0xc  stm8s_it.o [1]
  .near_func.text    ro code  0x009729     0xb  stm8s_i2c.o [1]
  .near_func.text    ro code  0x009734     0xa  main.o [1]
  .near_func.text    ro code  0x00973e     0xa  main.o [1]
  .near_func.text    ro code  0x009748     0xa  main.o [1]
  .near_func.text    ro code  0x009752     0x9  main.o [1]
  .near_func.text    ro code  0x00975b     0x9  main.o [1]
  .near_func.text    ro code  0x009764     0x9  main.o [1]
  .near_func.text    ro code  0x00976d     0x9  main.o [1]
  .near_func.text    ro code  0x009776     0x9  main.o [1]
  .near_func.text    ro code  0x00977f     0x9  stm8s_i2c.o [1]
  .near_func.text    ro code  0x009788     0x8  main.o [1]
  .near_func.text    ro code  0x009790     0x8  main.o [1]
  .near_func.text    ro code  0x009798     0x7  main.o [1]
  .near_func.text    ro code  0x00979f     0x7  main.o [1]
  .near_func.text    ro code  0x0097a6     0x7  main.o [1]
  .near_func.text    ro code  0x0097ad     0x6  main.o [1]
  .near_func.text    ro code  0x0097b3     0x6  main.o [1]
  .near_func.text    ro code  0x0097b9     0x6  main.o [1]
  .near_func.text    ro code  0x0097bf     0x6  main.o [1]
  .near_func.text    ro code  0x0097c5     0x6  main.o [1]
  .near_func.text    ro code  0x0097cb     0x6  timers_test.o [1]
  .near_func.text    ro code  0x0097d1     0x5  cexit.o [4]
  .near_func.text    ro code  0x0097d6     0x4  main.o [1]
  .near.rodata       const    0x0097da     0x3  main.o [1]
  .near.rodata       const    0x0097dd     0x3  main.o [1]
  .near.rodata       const    0x0097e0     0x3  main.o [1]
  .near_func.text    ro code  0x0097e3     0x3  interrupt.o [4]
  .near_func.text    ro code  0x0097e6     0x3  low_level_init.o [4]
  .near_func.text    ro code  0x0097e9     0x3  exit.o [4]
  .near_func.text    ro code  0x0097ec     0x3  unhandled_exception.o [4]
  .near_func.text    ro code  0x0097ef     0x2  main.o [1]
  .near_func.text    ro code  0x0097f1     0x1  stm8s_it.o [1]
  .near_func.text    ro code  0x0097f2     0x1  stm8s_it.o [1]
  .near_func.text    ro code  0x0097f3     0x1  stm8s_it.o [1]
  .near_func.text    ro code  0x0097f4     0x1  stm8s_it.o [1]
  .near_func.text    ro code  0x0097f5     0x1  stm8s_it.o [1]
  .near_func.text    ro code  0x0097f6     0x1  stm8s_it.o [1]
  .near_func.text    ro code  0x0097f7     0x1  stm8s_it.o [1]
  .near_func.text    ro code  0x0097f8     0x1  stm8s_it.o [1]
  .near_func.text    ro code  0x0097f9     0x1  stm8s_it.o [1]
  .near_func.text    ro code  0x0097fa     0x1  stm8s_it.o [1]
  .near_func.text    ro code  0x0097fb     0x1  stm8s_it.o [1]
  .near_func.text    ro code  0x0097fc     0x1  stm8s_it.o [1]
  .near_func.text    ro code  0x0097fd     0x1  stm8s_it.o [1]
  .near_func.text    ro code  0x0097fe     0x1  stm8s_it.o [1]
  .near_func.text    ro code  0x0097ff     0x1  stm8s_it.o [1]
  .near_func.text    ro code  0x009800     0x1  stm8s_it.o [1]
  .near_func.text    ro code  0x009801     0x1  stm8s_it.o [1]
  .near_func.text    ro code  0x009802     0x1  stm8s_it.o [1]
  .near_func.text    ro code  0x009803     0x1  __dbg_break.o [3]
                            - 0x009804  0x1784


*******************************************************************************
*** INIT TABLE
***

          Address   Size
          -------   ----
Zero (__iar_zero_init2)
    1 destination range, total size 0x66:
          0x000022  0x66

Copy (__iar_copy_init2)
    1 source range, total size 0x12:
          0x009691  0x12
    1 destination range, total size 0x12:
          0x000010  0x12



*******************************************************************************
*** MODULE SUMMARY
***

    Module                 ro code  ro data  rw data
    ------                 -------  -------  -------
C:\Amit_Chaudhary\STM8\STM8S103F3P6\Cobe\STM8S103F3P6_CPP -I2C_Cmmon\IDE\Debug\Obj: [1]
    main.o                   3 256       40      117
    stm8s_i2c.o                419      108
    stm8s_it.o                  64                 3
    system.o                    66
    timers_test.o              112
    ------------------------------------------------
    Total:                   3 917      148      120

command line: [2]
    ------------------------------------------------
    Total:

dbgstm8smd.a: [3]
    __dbg_break.o                1
    __dbg_xxexit.o              20
    ------------------------------------------------
    Total:                      21

dlstm8smn.a: [4]
    cexit.o                      5
    cstartup.o                  19
    dc_util.o                   38
    exit.o                       3
    float.o                  1 020
    init.o                      20
    init_small.o                70
    interrupt.o                  3      128
    long.o                     272
    long_util.o                 38
    low_level_init.o             3
    memset.o                    22
    short.o                     90
    unhandled_exception.o        3
    vreg_util.o                310
    vregs.o                                       16
    ------------------------------------------------
    Total:                   1 916      128       16

    Linker created                       18      256
----------------------------------------------------
    Grand Total:             5 854      294      392


*******************************************************************************
*** ENTRY LIST
***

Entry                    Address   Size  Type      Object
-----                    -------   ----  ----      ------
.iar.init_table$$Base   0x009585          --   Gb  - Linker created -
.iar.init_table$$Limit  0x009597          --   Gb  - Linker created -
?and16_x_x_dw           0x008efb         Code  Gb  short.o [4]
?and16_x_x_w0           0x008efe         Code  Gb  short.o [4]
?b0                     0x000000         Data  Gb  vregs.o [4]
?b1                     0x000001         Data  Gb  vregs.o [4]
?b10                    0x00000a         Data  Gb  vregs.o [4]
?b11                    0x00000b         Data  Gb  vregs.o [4]
?b12                    0x00000c         Data  Gb  vregs.o [4]
?b13                    0x00000d         Data  Gb  vregs.o [4]
?b14                    0x00000e         Data  Gb  vregs.o [4]
?b15                    0x00000f         Data  Gb  vregs.o [4]
?b2                     0x000002         Data  Gb  vregs.o [4]
?b3                     0x000003         Data  Gb  vregs.o [4]
?b4                     0x000004         Data  Gb  vregs.o [4]
?b5                     0x000005         Data  Gb  vregs.o [4]
?b6                     0x000006         Data  Gb  vregs.o [4]
?b7                     0x000007         Data  Gb  vregs.o [4]
?b8                     0x000008         Data  Gb  vregs.o [4]
?b9                     0x000009         Data  Gb  vregs.o [4]
?dc16_w0                0x0094d5         Code  Gb  dc_util.o [4]
?dc32_l1                0x0094e3         Code  Gb  dc_util.o [4]
?dc32_px                0x0094f0         Code  Gb  dc_util.o [4]
?e0                     0x000001         Data  Gb  vregs.o [4]
?e1                     0x000005         Data  Gb  vregs.o [4]
?e2                     0x000009         Data  Gb  vregs.o [4]
?e3                     0x00000d         Data  Gb  vregs.o [4]
?epilogue_l2            0x0087e1         Code  Gb  vreg_util.o [4]
?epilogue_l2_l3         0x0087de         Code  Gb  vreg_util.o [4]
?epilogue_l2_w6         0x0087e5         Code  Gb  vreg_util.o [4]
?epilogue_w4            0x0087ec         Code  Gb  vreg_util.o [4]
?fadd32_l0_l0_0x        0x0080a3         Code  Gb  float.o [4]
?fadd32_l0_l0_l1        0x0080a6         Code  Gb  float.o [4]
?fcastf32s16_l0_x       0x00832b         Code  Gb  float.o [4]
?fcasts16f32_x_l0       0x00834e         Code  Gb  float.o [4]
?fcmpge32_c_l0_0x       0x0082cc         Code  Gb  float.o [4]
?fcmpge32_c_l0_dc32     0x0082c7         Code  Gb  float.o [4]
?fcmplt32_c_l0_0x       0x0082d5         Code  Gb  float.o [4]
?fcmplt32_c_l0_dc32     0x0082d0         Code  Gb  float.o [4]
?fdiv32_l0_l0_dc32      0x008214         Code  Gb  float.o [4]
?fdiv32_l0_l0_l1        0x008219         Code  Gb  float.o [4]
?fmul32_l0_l0_dc32      0x008174         Code  Gb  float.o [4]
?fmul32_l0_l0_l1        0x008179         Code  Gb  float.o [4]
?fsub32_l0_l0_l1        0x00809d         Code  Gb  float.o [4]
?l0                     0x000000         Data  Gb  vregs.o [4]
?l1                     0x000004         Data  Gb  vregs.o [4]
?l2                     0x000008         Data  Gb  vregs.o [4]
?l3                     0x00000c         Data  Gb  vregs.o [4]
?load32_0x_l0           0x0094c7         Code  Gb  long_util.o [4]
?load32_l0_0x           0x0094af         Code  Gb  long_util.o [4]
?load32_l1_0x           0x0094bb         Code  Gb  long_util.o [4]
?mov_e0_e1              0x00882b         Code  Gb  vreg_util.o [4]
?mov_e0_e2              0x008838         Code  Gb  vreg_util.o [4]
?mov_e0_e3              0x008845         Code  Gb  vreg_util.o [4]
?mov_e1_e0              0x008852         Code  Gb  vreg_util.o [4]
?mov_e1_e2              0x00885f         Code  Gb  vreg_util.o [4]
?mov_e2_e0              0x00886c         Code  Gb  vreg_util.o [4]
?mov_e2_e1              0x008879         Code  Gb  vreg_util.o [4]
?mov_e3_e0              0x008886         Code  Gb  vreg_util.o [4]
?mov_l0_l1              0x008828         Code  Gb  vreg_util.o [4]
?mov_l0_l2              0x008835         Code  Gb  vreg_util.o [4]
?mov_l0_l3              0x008842         Code  Gb  vreg_util.o [4]
?mov_l1_l0              0x00884f         Code  Gb  vreg_util.o [4]
?mov_l1_l2              0x00885c         Code  Gb  vreg_util.o [4]
?mov_l2_l0              0x008869         Code  Gb  vreg_util.o [4]
?mov_l2_l1              0x008876         Code  Gb  vreg_util.o [4]
?mov_l3_l0              0x008883         Code  Gb  vreg_util.o [4]
?mov_w0_w2              0x0087f0         Code  Gb  vreg_util.o [4]
?mov_w0_w4              0x0087f7         Code  Gb  vreg_util.o [4]
?mov_w0_w6              0x0087fe         Code  Gb  vreg_util.o [4]
?mov_w0_w7              0x008805         Code  Gb  vreg_util.o [4]
?mov_w1_w3              0x00882e         Code  Gb  vreg_util.o [4]
?mov_w1_w4              0x00880c         Code  Gb  vreg_util.o [4]
?mov_w1_w5              0x00883b         Code  Gb  vreg_util.o [4]
?mov_w1_w7              0x008848         Code  Gb  vreg_util.o [4]
?mov_w2_w0              0x008813         Code  Gb  vreg_util.o [4]
?mov_w3_w1              0x008855         Code  Gb  vreg_util.o [4]
?mov_w3_w5              0x008862         Code  Gb  vreg_util.o [4]
?mov_w4_w0              0x00881a         Code  Gb  vreg_util.o [4]
?mov_w5_w1              0x00886f         Code  Gb  vreg_util.o [4]
?mov_w5_w3              0x00887c         Code  Gb  vreg_util.o [4]
?mov_w7_w0              0x008821         Code  Gb  vreg_util.o [4]
?mov_w7_w1              0x008889         Code  Gb  vreg_util.o [4]
?mul16_x_x_w0           0x008eb4         Code  Gb  short.o [4]
?mul32_l0_l0_0x         0x008893         Code  Gb  long.o [4]
?mul32_l0_l0_dl         0x008890         Code  Gb  long.o [4]
?mul32_l0_l0_l1         0x00889c         Code  Gb  long.o [4]
?pop_l2                 0x0087c0         Code  Gb  vreg_util.o [4]
?pop_l3                 0x0087cb         Code  Gb  vreg_util.o [4]
?pop_w0                 0x00877c         Code  Gb  vreg_util.o [4]
?pop_w4                 0x008783         Code  Gb  vreg_util.o [4]
?pop_w6                 0x00878a         Code  Gb  vreg_util.o [4]
?push_l2                0x008799         Code  Gb  vreg_util.o [4]
?push_l3                0x00879e         Code  Gb  vreg_util.o [4]
?push_w0                0x00875a         Code  Gb  vreg_util.o [4]
?push_w4                0x00875f         Code  Gb  vreg_util.o [4]
?push_w6                0x008764         Code  Gb  vreg_util.o [4]
?sdiv16_x_x_y           0x008ed2         Code  Gb  short.o [4]
?sll32_0x_0x_a          0x008992         Code  Gb  long.o [4]
?sll32_l0_l0_a          0x00898f         Code  Gb  long.o [4]
?smod16_y_x_y           0x008eeb         Code  Gb  short.o [4]
?srl16_x_x_4            0x008f09         Code  Gb  short.o [4]
?srl16_x_x_5            0x008f08         Code  Gb  short.o [4]
?srl16_x_x_6            0x008f07         Code  Gb  short.o [4]
?srl16_x_x_7            0x008f06         Code  Gb  short.o [4]
?udiv32_l0_l0_dl        0x00891f         Code  Gb  long.o [4]
?udiv32_l0_l0_l1        0x008922         Code  Gb  long.o [4]
?umod32_l1_l0_dl        0x00891a         Code  Gb  long.o [4]
?umod32_l1_l0_l1        0x008922         Code  Gb  long.o [4]
?w0                     0x000000         Data  Gb  vregs.o [4]
?w1                     0x000002         Data  Gb  vregs.o [4]
?w2                     0x000004         Data  Gb  vregs.o [4]
?w3                     0x000006         Data  Gb  vregs.o [4]
?w4                     0x000008         Data  Gb  vregs.o [4]
?w5                     0x00000a         Data  Gb  vregs.o [4]
?w6                     0x00000c         Data  Gb  vregs.o [4]
?w7                     0x00000e         Data  Gb  vregs.o [4]
ADC1_IRQHandler()       0x009801    0x1  Code  Gb  stm8s_it.o [1]
AWU_IRQHandler()        0x0097f3    0x1  Code  Gb  stm8s_it.o [1]
App::PowerMonitor<Devices::INA219<HAL::i2c::Master<HAL::i2c::MasterIntr<(HAL::i2c::i2c_t)21008, (HAL::i2c::Clk_t)400000>>, (unsigned char)128>, Devices::SSD1306<HAL::i2c::Master<HAL::i2c::MasterIntr<(HAL::i2c::i2c_t)21008, (HAL::i2c::Clk_t)400000>>, (unsigned char)120, (bool)1>>::CaptureSamples()
                        0x009231   0x3d  Code  Gb  main.o [1]
App::PowerMonitor<Devices::INA219<HAL::i2c::Master<HAL::i2c::MasterIntr<(HAL::i2c::i2c_t)21008, (HAL::i2c::Clk_t)400000>>, (unsigned char)128>, Devices::SSD1306<HAL::i2c::Master<HAL::i2c::MasterIntr<(HAL::i2c::i2c_t)21008, (HAL::i2c::Clk_t)400000>>, (unsigned char)120, (bool)1>>::CurrentSamples
                        0x000073    0x4  Data  Gb  main.o [1]
App::PowerMonitor<Devices::INA219<HAL::i2c::Master<HAL::i2c::MasterIntr<(HAL::i2c::i2c_t)21008, (HAL::i2c::Clk_t)400000>>, (unsigned char)128>, Devices::SSD1306<HAL::i2c::Master<HAL::i2c::MasterIntr<(HAL::i2c::i2c_t)21008, (HAL::i2c::Clk_t)400000>>, (unsigned char)120, (bool)1>>::DispBuf
                        0x000068    0xb  Data  Gb  main.o [1]
App::PowerMonitor<Devices::INA219<HAL::i2c::Master<HAL::i2c::MasterIntr<(HAL::i2c::i2c_t)21008, (HAL::i2c::Clk_t)400000>>, (unsigned char)128>, Devices::SSD1306<HAL::i2c::Master<HAL::i2c::MasterIntr<(HAL::i2c::i2c_t)21008, (HAL::i2c::Clk_t)400000>>, (unsigned char)120, (bool)1>>::Init()
                        0x009626   0x1a  Code  Gb  main.o [1]
App::PowerMonitor<Devices::INA219<HAL::i2c::Master<HAL::i2c::MasterIntr<(HAL::i2c::i2c_t)21008, (HAL::i2c::Clk_t)400000>>, (unsigned char)128>, Devices::SSD1306<HAL::i2c::Master<HAL::i2c::MasterIntr<(HAL::i2c::i2c_t)21008, (HAL::i2c::Clk_t)400000>>, (unsigned char)120, (bool)1>>::Mode
                        0x000011    0x1  Data  Gb  main.o [1]
App::PowerMonitor<Devices::INA219<HAL::i2c::Master<HAL::i2c::MasterIntr<(HAL::i2c::i2c_t)21008, (HAL::i2c::Clk_t)400000>>, (unsigned char)128>, Devices::SSD1306<HAL::i2c::Master<HAL::i2c::MasterIntr<(HAL::i2c::i2c_t)21008, (HAL::i2c::Clk_t)400000>>, (unsigned char)120, (bool)1>>::Power
                        0x00005c    0xc  Data  Gb  main.o [1]
App::PowerMonitor<Devices::INA219<HAL::i2c::Master<HAL::i2c::MasterIntr<(HAL::i2c::i2c_t)21008, (HAL::i2c::Clk_t)400000>>, (unsigned char)128>, Devices::SSD1306<HAL::i2c::Master<HAL::i2c::MasterIntr<(HAL::i2c::i2c_t)21008, (HAL::i2c::Clk_t)400000>>, (unsigned char)120, (bool)1>>::Run()
                        0x0089a0  0x10b  Code  Gb  main.o [1]
App::PowerMonitor<Devices::INA219<HAL::i2c::Master<HAL::i2c::MasterIntr<(HAL::i2c::i2c_t)21008, (HAL::i2c::Clk_t)400000>>, (unsigned char)128>, Devices::SSD1306<HAL::i2c::Master<HAL::i2c::MasterIntr<(HAL::i2c::i2c_t)21008, (HAL::i2c::Clk_t)400000>>, (unsigned char)120, (bool)1>>::RunLoop
                        0x000010    0x1  Data  Gb  main.o [1]
App::PowerMonitor<Devices::INA219<HAL::i2c::Master<HAL::i2c::MasterIntr<(HAL::i2c::i2c_t)21008, (HAL::i2c::Clk_t)400000>>, (unsigned char)128>, Devices::SSD1306<HAL::i2c::Master<HAL::i2c::MasterIntr<(HAL::i2c::i2c_t)21008, (HAL::i2c::Clk_t)400000>>, (unsigned char)120, (bool)1>>::SampleCount
                        0x000086    0x1  Data  Gb  main.o [1]
App::PowerMonitor<Devices::INA219<HAL::i2c::Master<HAL::i2c::MasterIntr<(HAL::i2c::i2c_t)21008, (HAL::i2c::Clk_t)400000>>, (unsigned char)128>, Devices::SSD1306<HAL::i2c::Master<HAL::i2c::MasterIntr<(HAL::i2c::i2c_t)21008, (HAL::i2c::Clk_t)400000>>, (unsigned char)120, (bool)1>>::SecondTicks()
                        0x0093db   0x30  Code  Gb  main.o [1]
App::PowerMonitor<Devices::INA219<HAL::i2c::Master<HAL::i2c::MasterIntr<(HAL::i2c::i2c_t)21008, (HAL::i2c::Clk_t)400000>>, (unsigned char)128>, Devices::SSD1306<HAL::i2c::Master<HAL::i2c::MasterIntr<(HAL::i2c::i2c_t)21008, (HAL::i2c::Clk_t)400000>>, (unsigned char)120, (bool)1>>::Seconds
                        0x00007d    0x2  Data  Gb  main.o [1]
App::PowerMonitor<Devices::INA219<HAL::i2c::Master<HAL::i2c::MasterIntr<(HAL::i2c::i2c_t)21008, (HAL::i2c::Clk_t)400000>>, (unsigned char)128>, Devices::SSD1306<HAL::i2c::Master<HAL::i2c::MasterIntr<(HAL::i2c::i2c_t)21008, (HAL::i2c::Clk_t)400000>>, (unsigned char)120, (bool)1>>::UpdateClock()
                        0x009541   0x22  Code  Gb  main.o [1]
App::PowerMonitor<Devices::INA219<HAL::i2c::Master<HAL::i2c::MasterIntr<(HAL::i2c::i2c_t)21008, (HAL::i2c::Clk_t)400000>>, (unsigned char)128>, Devices::SSD1306<HAL::i2c::Master<HAL::i2c::MasterIntr<(HAL::i2c::i2c_t)21008, (HAL::i2c::Clk_t)400000>>, (unsigned char)120, (bool)1>>::UpdateMode()
                        0x008f0e   0x58  Code  Gb  main.o [1]
App::PowerMonitor<Devices::INA219<HAL::i2c::Master<HAL::i2c::MasterIntr<(HAL::i2c::i2c_t)21008, (HAL::i2c::Clk_t)400000>>, (unsigned char)128>, Devices::SSD1306<HAL::i2c::Master<HAL::i2c::MasterIntr<(HAL::i2c::i2c_t)21008, (HAL::i2c::Clk_t)400000>>, (unsigned char)120, (bool)1>>::UpdateMode()::string
                        0x0096de    0xd  Data  Gb  main.o [1]
App::PowerMonitor<Devices::INA219<HAL::i2c::Master<HAL::i2c::MasterIntr<(HAL::i2c::i2c_t)21008, (HAL::i2c::Clk_t)400000>>, (unsigned char)128>, Devices::SSD1306<HAL::i2c::Master<HAL::i2c::MasterIntr<(HAL::i2c::i2c_t)21008, (HAL::i2c::Clk_t)400000>>, (unsigned char)120, (bool)1>>::UpdateMode()::string (instance 2)
                        0x0097da    0x3  Data  Gb  main.o [1]
App::PowerMonitor<Devices::INA219<HAL::i2c::Master<HAL::i2c::MasterIntr<(HAL::i2c::i2c_t)21008, (HAL::i2c::Clk_t)400000>>, (unsigned char)128>, Devices::SSD1306<HAL::i2c::Master<HAL::i2c::MasterIntr<(HAL::i2c::i2c_t)21008, (HAL::i2c::Clk_t)400000>>, (unsigned char)120, (bool)1>>::UpdateMode()::string (instance 3)
                        0x0097dd    0x3  Data  Gb  main.o [1]
App::PowerMonitor<Devices::INA219<HAL::i2c::Master<HAL::i2c::MasterIntr<(HAL::i2c::i2c_t)21008, (HAL::i2c::Clk_t)400000>>, (unsigned char)128>, Devices::SSD1306<HAL::i2c::Master<HAL::i2c::MasterIntr<(HAL::i2c::i2c_t)21008, (HAL::i2c::Clk_t)400000>>, (unsigned char)120, (bool)1>>::UpdateMode()::string (instance 4)
                        0x0097e0    0x3  Data  Gb  main.o [1]
CLK_IRQHandler()        0x0097f4    0x1  Code  Gb  stm8s_it.o [1]
CSTACK$$Base            0x000300          --   Gb  - Linker created -
CSTACK$$Limit           0x000400          --   Gb  - Linker created -
Devices::AT24Cxx<HAL::i2c::Master<HAL::i2c::MasterIntr<(HAL::i2c::i2c_t)21008, (HAL::i2c::Clk_t)400000>>, (unsigned char)160, (unsigned long)16384, (unsigned char)64>::Read_Write(unsigned short, unsigned char __near *, unsigned short, unsigned char)
                        0x008b66   0xa0  Code  Gb  main.o [1]
Devices::AT24Cxx<HAL::i2c::Master<HAL::i2c::MasterIntr<(HAL::i2c::i2c_t)21008, (HAL::i2c::Clk_t)400000>>, (unsigned char)160, (unsigned long)16384, (unsigned char)64>::page_Write(unsigned short, unsigned char __near *, unsigned char)
                        0x0092a8   0x35  Code  Gb  main.o [1]
Devices::INA219<HAL::i2c::Master<HAL::i2c::MasterIntr<(HAL::i2c::i2c_t)21008, (HAL::i2c::Clk_t)400000>>, (unsigned char)128>::GetCurrent_mA()
                        0x00940b   0x2b  Code  Gb  main.o [1]
Devices::INA219<HAL::i2c::Master<HAL::i2c::MasterIntr<(HAL::i2c::i2c_t)21008, (HAL::i2c::Clk_t)400000>>, (unsigned char)128>::GetCurrent_raw()
                        0x0096f8    0xd  Code  Gb  main.o [1]
Devices::INA219<HAL::i2c::Master<HAL::i2c::MasterIntr<(HAL::i2c::i2c_t)21008, (HAL::i2c::Clk_t)400000>>, (unsigned char)128>::ReadRegister(unsigned char)
                        0x0093aa   0x31  Code  Gb  main.o [1]
Devices::INA219<HAL::i2c::Master<HAL::i2c::MasterIntr<(HAL::i2c::i2c_t)21008, (HAL::i2c::Clk_t)400000>>, (unsigned char)128>::SetCalibration_16V_400mA()
                        0x0091b2   0x42  Code  Gb  main.o [1]
Devices::INA219<HAL::i2c::Master<HAL::i2c::MasterIntr<(HAL::i2c::i2c_t)21008, (HAL::i2c::Clk_t)400000>>, (unsigned char)128>::SetCalibration_32V_2A()
                        0x00912c   0x44  Code  Gb  main.o [1]
Devices::INA219<HAL::i2c::Master<HAL::i2c::MasterIntr<(HAL::i2c::i2c_t)21008, (HAL::i2c::Clk_t)400000>>, (unsigned char)128>::WriteRegister(unsigned char, unsigned short)
                        0x0095d4   0x1c  Code  Gb  main.o [1]
Devices::INA219<HAL::i2c::Master<HAL::i2c::MasterIntr<(HAL::i2c::i2c_t)21008, (HAL::i2c::Clk_t)400000>>, (unsigned char)128>::ina219_calValue
                        0x000079    0x2  Data  Gb  main.o [1]
Devices::INA219<HAL::i2c::Master<HAL::i2c::MasterIntr<(HAL::i2c::i2c_t)21008, (HAL::i2c::Clk_t)400000>>, (unsigned char)128>::ina219_powerDivider_mW
                        0x00007b    0x2  Data  Gb  main.o [1]
Devices::INA219<HAL::i2c::Master<HAL::i2c::MasterIntr<(HAL::i2c::i2c_t)21008, (HAL::i2c::Clk_t)400000>>, (unsigned char)128>::mode
                        0x000085    0x1  Data  Gb  main.o [1]
Devices::RotaryEncoder<RotApp, (HAL::Gpio::Port_t)20495, (HAL::Gpio::Pin_t)16, (HAL::Gpio::Port_t)20495, (HAL::Gpio::Pin_t)32, (HAL::Gpio::Port_t)20495, (HAL::Gpio::Pin_t)64>::Event
                        0x000087    0x1  Data  Gb  stm8s_it.o [1]
Devices::SSD1306<HAL::i2c::Master<HAL::i2c::MasterIntr<(HAL::i2c::i2c_t)21008, (HAL::i2c::Clk_t)400000>>, (unsigned char)120, (bool)1>::Fill(unsigned char)
                        0x008f66   0x53  Code  Gb  main.o [1]
Devices::SSD1306<HAL::i2c::Master<HAL::i2c::MasterIntr<(HAL::i2c::i2c_t)21008, (HAL::i2c::Clk_t)400000>>, (unsigned char)120, (bool)1>::Font_Current_address
                        0x000077    0x2  Data  Gb  main.o [1]
Devices::SSD1306<HAL::i2c::Master<HAL::i2c::MasterIntr<(HAL::i2c::i2c_t)21008, (HAL::i2c::Clk_t)400000>>, (unsigned char)120, (bool)1>::HwInit()
                        0x00847c  0x182  Code  Gb  main.o [1]
Devices::SSD1306<HAL::i2c::Master<HAL::i2c::MasterIntr<(HAL::i2c::i2c_t)21008, (HAL::i2c::Clk_t)400000>>, (unsigned char)120, (bool)1>::I2C_Write(unsigned char, unsigned char)
                        0x00960c   0x1a  Code  Gb  main.o [1]
Devices::SSD1306<HAL::i2c::Master<HAL::i2c::MasterIntr<(HAL::i2c::i2c_t)21008, (HAL::i2c::Clk_t)400000>>, (unsigned char)120, (bool)1>::Putc_from_eeprom(char, unsigned char, unsigned char)
                        0x009170   0x42  Code  Gb  main.o [1]
Devices::SSD1306<HAL::i2c::Master<HAL::i2c::MasterIntr<(HAL::i2c::i2c_t)21008, (HAL::i2c::Clk_t)400000>>, (unsigned char)120, (bool)1>::Puts(char __near *, unsigned char, unsigned char, unsigned char)
                        0x0092dd   0x34  Code  Gb  main.o [1]
Devices::SSD1306<HAL::i2c::Master<HAL::i2c::MasterIntr<(HAL::i2c::i2c_t)21008, (HAL::i2c::Clk_t)400000>>, (unsigned char)120, (bool)1>::ScreenBuffer
                        0x000022   0x3a  Data  Gb  main.o [1]
Devices::SSD1306<HAL::i2c::Master<HAL::i2c::MasterIntr<(HAL::i2c::i2c_t)21008, (HAL::i2c::Clk_t)400000>>, (unsigned char)120, (bool)1>::SetFont(Devices::font_t)
                        0x00945f   0x28  Code  Gb  main.o [1]
Devices::SSD1306<HAL::i2c::Master<HAL::i2c::MasterIntr<(HAL::i2c::i2c_t)21008, (HAL::i2c::Clk_t)400000>>, (unsigned char)120, (bool)1>::UpdateScreen(unsigned char, unsigned char)
                        0x009007   0x4c  Code  Gb  main.o [1]
Devices::SSD1306<HAL::i2c::Master<HAL::i2c::MasterIntr<(HAL::i2c::i2c_t)21008, (HAL::i2c::Clk_t)400000>>, (unsigned char)120, (bool)1>::m_BufSize
                        0x000084    0x1  Data  Gb  main.o [1]
Devices::SSD1306<HAL::i2c::Master<HAL::i2c::MasterIntr<(HAL::i2c::i2c_t)21008, (HAL::i2c::Clk_t)400000>>, (unsigned char)120, (bool)1>::m_FontHeight
                        0x000083    0x1  Data  Gb  main.o [1]
Devices::SSD1306<HAL::i2c::Master<HAL::i2c::MasterIntr<(HAL::i2c::i2c_t)21008, (HAL::i2c::Clk_t)400000>>, (unsigned char)120, (bool)1>::m_FontWidth
                        0x000082    0x1  Data  Gb  main.o [1]
EEPROM_EEC_IRQHandler()
                        0x009802    0x1  Code  Gb  stm8s_it.o [1]
EXTI_PORTA_IRQHandler()
                        0x0097f5    0x1  Code  Gb  stm8s_it.o [1]
EXTI_PORTB_IRQHandler()
                        0x0097f6    0x1  Code  Gb  stm8s_it.o [1]
EXTI_PORTC_IRQHandler()
                        0x0097f7    0x1  Code  Gb  stm8s_it.o [1]
EXTI_PORTD_IRQHandler()
                        0x009563   0x22  Code  Gb  stm8s_it.o [1]
EXTI_PORTE_IRQHandler()
                        0x0097f8    0x1  Code  Gb  stm8s_it.o [1]
HAL::Gpio::SetInputMode(HAL::Gpio::Port_t, HAL::Gpio::Pin_t, HAL::Gpio::Mode_t)
                        0x008fb9   0x4e  Code  Gb  timers_test.o [1]
HAL::Gpio::SetOutputMode(HAL::Gpio::Port_t, HAL::Gpio::Pin_t, HAL::Gpio::Mode_t)
                        0x008e55   0x5f  Code  Gb  main.o [1]
HAL::gpt4<(HAL::gpt4_tick_t)6, (unsigned char)249, (unsigned char)0>::HwInit()
                        0x0095f0   0x1c  Code  Gb  timers_test.o [1]
HAL::gpt4<(HAL::gpt4_tick_t)6, (unsigned char)249, (unsigned char)0>::Ticks
                        0x00007f    0x2  Data  Gb  stm8s_it.o [1]
HAL::i2c::Poll<(HAL::i2c::i2c_t)21008, (HAL::i2c::Clk_t)400000>::HwInit()
                        0x0090e6   0x46  Code  Gb  main.o [1]
HAL::i2c::Poll<(HAL::i2c::i2c_t)21008, (HAL::i2c::Clk_t)400000>::Rx(unsigned char, unsigned char __near *, unsigned char, unsigned char)
                        0x008aab   0xbb  Code  Gb  main.o [1]
HAL::i2c::Poll<(HAL::i2c::i2c_t)21008, (HAL::i2c::Clk_t)400000>::SendSlaveAddress(unsigned char, unsigned char)
                        0x008deb   0x6a  Code  Gb  main.o [1]
HAL::i2c::Poll<(HAL::i2c::i2c_t)21008, (HAL::i2c::Clk_t)400000>::Tx(unsigned char __near *, unsigned short)
                        0x0091f4   0x3d  Code  Gb  main.o [1]
HAL::i2c::Poll<(HAL::i2c::i2c_t)21008, (HAL::i2c::Clk_t)400000>::Tx(unsigned char, unsigned char __near *, unsigned short, unsigned char)
                        0x00909d   0x49  Code  Gb  main.o [1]
HAL::i2c::Poll<(HAL::i2c::i2c_t)21008, (HAL::i2c::Clk_t)400000>::m_State
                        0x000081    0x1  Data  Gb  main.o [1]
I2C_AcknowledgeConfig(I2C_Ack_TypeDef)
                        0x009377   0x33  Code  Gb  stm8s_i2c.o [1]
I2C_IRQHandler()        0x009800    0x1  Code  Gb  stm8s_it.o [1]
I2C_Init(unsigned long, unsigned short, I2C_DutyCycle_TypeDef, I2C_Ack_TypeDef, I2C_AddMode_TypeDef, unsigned char)
                        0x0085fe  0x15c  Code  Gb  stm8s_i2c.o [1]
INTVEC$$Base            0x008000          --   Gb  - Linker created -
INTVEC$$Limit           0x008080          --   Gb  - Linker created -
Region$$Table$$Base     0x009585          --   Gb  - Linker created -
Region$$Table$$Limit    0x009597          --   Gb  - Linker created -
SPI_IRQHandler()        0x0097f9    0x1  Code  Gb  stm8s_it.o [1]
TIM1_CAP_COM_IRQHandler()
                        0x0097fb    0x1  Code  Gb  stm8s_it.o [1]
TIM1_UPD_OVF_TRG_BRK_IRQHandler()
                        0x0097fa    0x1  Code  Gb  stm8s_it.o [1]
TIM2_CAP_COM_IRQHandler()
                        0x0097fd    0x1  Code  Gb  stm8s_it.o [1]
TIM2_UPD_OVF_BRK_IRQHandler()
                        0x0097fc    0x1  Code  Gb  stm8s_it.o [1]
TIM4_UPD_OVF_IRQHandler()
                        0x00971d    0xc  Code  Gb  stm8s_it.o [1]
TLI_IRQHandler()        0x0097f2    0x1  Code  Gb  stm8s_it.o [1]
TRAP_IRQHandler()       0x0097f1    0x1  Code  Gb  stm8s_it.o [1]
UART1_RX_IRQHandler()   0x0097ff    0x1  Code  Gb  stm8s_it.o [1]
UART1_TX_IRQHandler()   0x0097fe    0x1  Code  Gb  stm8s_it.o [1]
Utils::CountertoTime(unsigned long, char __near *)
                        0x008c90   0x83  Code  Gb  main.o [1]
Utils::ftoa(float, char __near *, int, char)
                        0x008c06   0x8a  Code  Lc  main.o [1]
Utils::intToStr(int, char __near *, int)
                        0x009436   0x29  Code  Lc  main.o [1]
Utils::intToStr(int, char __near *, int, char)
                        0x009311   0x33  Code  Lc  main.o [1]
Utils::power(int, unsigned int)
                        0x009053   0x39  Code  Lc  main.o [1]
Utils::reverse(char __near *, int)
                        0x00926e   0x3a  Code  Lc  main.o [1]
WaitOnFlag(unsigned char volatile __near *, unsigned char, unsigned char, unsigned short)
                        0x00951e   0x23  Code  Gb  system.o [1]
__DebugBreak            0x009803    0x1  Code  Gb  __dbg_break.o [3]
__exit                  0x00966a   0x14  Code  Gb  __dbg_xxexit.o [3]
__iar_copy_init2        0x009487         Code  Gb  init_small.o [4]
__iar_data_init2        0x009656   0x14  Code  Gb  init.o [4]
__iar_program_start     0x00967e         Code  Gb  cstartup.o [4]
__iar_unhandled_exception
                        0x0097ec         Code  Gb  unhandled_exception.o [4]
__iar_zero_init2        0x0095b6         Code  Gb  init_small.o [4]
__intvec                0x008000         Data  Gb  interrupt.o [4]
__low_level_init        0x0097e6    0x3  Code  Gb  low_level_init.o [4]
_exit                   0x0097d1         Code  Gb  cexit.o [4]
_interrupt_1            0x0097f1         Code  Gb  stm8s_it.o [1]
_interrupt_12           0x0097f9         Code  Gb  stm8s_it.o [1]
_interrupt_13           0x0097fa         Code  Gb  stm8s_it.o [1]
_interrupt_14           0x0097fb         Code  Gb  stm8s_it.o [1]
_interrupt_15           0x0097fc         Code  Gb  stm8s_it.o [1]
_interrupt_16           0x0097fd         Code  Gb  stm8s_it.o [1]
_interrupt_19           0x0097fe         Code  Gb  stm8s_it.o [1]
_interrupt_2            0x0097f2         Code  Gb  stm8s_it.o [1]
_interrupt_20           0x0097ff         Code  Gb  stm8s_it.o [1]
_interrupt_21           0x009800         Code  Gb  stm8s_it.o [1]
_interrupt_24           0x009801         Code  Gb  stm8s_it.o [1]
_interrupt_25           0x00971d         Code  Gb  stm8s_it.o [1]
_interrupt_26           0x009802         Code  Gb  stm8s_it.o [1]
_interrupt_3            0x0097f3         Code  Gb  stm8s_it.o [1]
_interrupt_4            0x0097f4         Code  Gb  stm8s_it.o [1]
_interrupt_5            0x0097f5         Code  Gb  stm8s_it.o [1]
_interrupt_6            0x0097f6         Code  Gb  stm8s_it.o [1]
_interrupt_7            0x0097f7         Code  Gb  stm8s_it.o [1]
_interrupt_8            0x009563         Code  Gb  stm8s_it.o [1]
_interrupt_9            0x0097f8         Code  Gb  stm8s_it.o [1]
assert_failed(unsigned char __near *, unsigned long)
                        0x0097ef    0x2  Code  Gb  main.o [1]
delay_ms(unsigned int)  0x009597   0x1f  Code  Gb  system.o [1]
exit                    0x0097e9    0x3  Code  Gb  exit.o [4]
main                    0x009344   0x33  Code  Gb  main.o [1]
memset                  0x009640   0x16  Code  Gb  memset.o [4]
platform::SoftwareTimers<HAL::gpt4<(HAL::gpt4_tick_t)6, (unsigned char)249, (unsigned char)0>, (unsigned char)3>::Run()
                        0x008d7f   0x6c  Code  Gb  main.o [1]
platform::SoftwareTimers<HAL::gpt4<(HAL::gpt4_tick_t)6, (unsigned char)249, (unsigned char)0>, (unsigned char)3>::Timers
                        0x000012   0x10  Data  Gb  main.o [1]
unsigned char const & min<unsigned char>(unsigned char const &, unsigned char const &)
                        0x009798    0x7  Code  Gb  main.o [1]


[1] = C:\Amit_Chaudhary\STM8\STM8S103F3P6\Cobe\STM8S103F3P6_CPP -I2C_Cmmon\IDE\Debug\Obj
[2] = command line
[3] = dbgstm8smd.a
[4] = dlstm8smn.a

  5 854 bytes of readonly  code memory
    294 bytes of readonly  data memory
    392 bytes of readwrite data memory

Errors: none
Warnings: none
